2026-10-08 21:35:53,067 START S79 resume=False committed_epoch=0 train=7009 val=1503 FP32 validation; no test loader
2026-10-08 21:35:53,819 LOGGING/CHECKPOINTING ACTIVE latest=checkpoints/final_cbam_development/v1/s79_convnext_tiny_cbam_exploratory_seed42/latest.pt
2026-10-08 21:36:06,651 epoch 1/40 update 1/219 stage=attention_head_warmup
2026-10-08 21:36:09,757 epoch 1/40 update 25/219 stage=attention_head_warmup
2026-10-08 21:36:13,157 epoch 1/40 update 50/219 stage=attention_head_warmup
2026-10-08 21:36:16,470 epoch 1/40 update 75/219 stage=attention_head_warmup
2026-10-08 21:36:19,876 epoch 1/40 update 100/219 stage=attention_head_warmup
2026-10-08 21:36:23,199 epoch 1/40 update 125/219 stage=attention_head_warmup
2026-10-08 21:36:26,495 epoch 1/40 update 150/219 stage=attention_head_warmup
2026-10-08 21:36:29,851 epoch 1/40 update 175/219 stage=attention_head_warmup
2026-10-08 21:36:33,206 epoch 1/40 update 200/219 stage=attention_head_warmup
2026-10-08 21:36:56,329 EPOCH 1 accuracy=0.665336 macroF1=0.226476 best_accuracy_epoch=1 best_F1_epoch=1 meaningful_stale=0 stop=running
2026-10-08 21:37:03,606 epoch 2/40 update 1/219 stage=attention_head_warmup
2026-10-08 21:37:05,649 epoch 2/40 update 25/219 stage=attention_head_warmup
2026-10-08 21:37:07,775 epoch 2/40 update 50/219 stage=attention_head_warmup
2026-10-08 21:37:09,877 epoch 2/40 update 75/219 stage=attention_head_warmup
2026-10-08 21:37:12,039 epoch 2/40 update 100/219 stage=attention_head_warmup
2026-10-08 21:37:14,202 epoch 2/40 update 125/219 stage=attention_head_warmup
2026-10-08 21:37:16,418 epoch 2/40 update 150/219 stage=attention_head_warmup
2026-10-08 21:37:18,571 epoch 2/40 update 175/219 stage=attention_head_warmup
2026-10-08 21:37:20,705 epoch 2/40 update 200/219 stage=attention_head_warmup
2026-10-08 21:37:35,609 EPOCH 2 accuracy=0.693280 macroF1=0.320440 best_accuracy_epoch=2 best_F1_epoch=2 meaningful_stale=0 stop=running
2026-10-08 21:37:46,095 epoch 3/40 update 1/219 stage=full_finetune
2026-10-08 21:37:49,957 epoch 3/40 update 25/219 stage=full_finetune
2026-10-08 21:37:54,710 epoch 3/40 update 50/219 stage=full_finetune
2026-10-08 21:38:00,761 epoch 3/40 update 75/219 stage=full_finetune
2026-10-08 21:38:06,799 epoch 3/40 update 100/219 stage=full_finetune
2026-10-08 21:38:12,914 epoch 3/40 update 125/219 stage=full_finetune
2026-10-08 21:38:19,030 epoch 3/40 update 150/219 stage=full_finetune
2026-10-08 21:38:25,131 epoch 3/40 update 175/219 stage=full_finetune
2026-10-08 21:38:31,182 epoch 3/40 update 200/219 stage=full_finetune
2026-10-08 21:38:53,828 EPOCH 3 accuracy=0.774451 macroF1=0.677938 best_accuracy_epoch=3 best_F1_epoch=3 meaningful_stale=0 stop=running
2026-10-08 21:39:01,632 epoch 4/40 update 1/219 stage=full_finetune
2026-10-08 21:39:07,427 epoch 4/40 update 25/219 stage=full_finetune
2026-10-08 21:39:13,609 epoch 4/40 update 50/219 stage=full_finetune
2026-10-08 21:39:19,835 epoch 4/40 update 75/219 stage=full_finetune
2026-10-08 21:39:26,007 epoch 4/40 update 100/219 stage=full_finetune
2026-10-08 21:39:32,171 epoch 4/40 update 125/219 stage=full_finetune
2026-10-08 21:39:38,216 epoch 4/40 update 150/219 stage=full_finetune
2026-10-08 21:39:44,211 epoch 4/40 update 175/219 stage=full_finetune
2026-10-08 21:39:50,211 epoch 4/40 update 200/219 stage=full_finetune
2026-10-08 21:40:12,687 EPOCH 4 accuracy=0.856287 macroF1=0.725513 best_accuracy_epoch=4 best_F1_epoch=4 meaningful_stale=0 stop=running
2026-10-08 21:40:20,858 epoch 5/40 update 1/219 stage=full_finetune
2026-10-08 21:40:26,657 epoch 5/40 update 25/219 stage=full_finetune
2026-10-08 21:40:32,712 epoch 5/40 update 50/219 stage=full_finetune
2026-10-08 21:40:38,826 epoch 5/40 update 75/219 stage=full_finetune
2026-10-08 21:40:44,950 epoch 5/40 update 100/219 stage=full_finetune
2026-10-08 21:40:50,550 epoch 5/40 update 125/219 stage=full_finetune
2026-10-08 21:40:56,718 epoch 5/40 update 150/219 stage=full_finetune
2026-10-08 21:41:02,780 epoch 5/40 update 175/219 stage=full_finetune
2026-10-08 21:41:08,789 epoch 5/40 update 200/219 stage=full_finetune
2026-10-08 21:41:31,059 EPOCH 5 accuracy=0.840985 macroF1=0.776944 best_accuracy_epoch=4 best_F1_epoch=5 meaningful_stale=0 stop=running
2026-10-08 21:41:39,010 epoch 6/40 update 1/219 stage=full_finetune
2026-10-08 21:41:44,842 epoch 6/40 update 25/219 stage=full_finetune
2026-10-08 21:41:50,876 epoch 6/40 update 50/219 stage=full_finetune
2026-10-08 21:41:57,058 epoch 6/40 update 75/219 stage=full_finetune
2026-10-08 21:42:03,180 epoch 6/40 update 100/219 stage=full_finetune
2026-10-08 21:42:09,392 epoch 6/40 update 125/219 stage=full_finetune
2026-10-08 21:42:15,466 epoch 6/40 update 150/219 stage=full_finetune
2026-10-08 21:42:21,596 epoch 6/40 update 175/219 stage=full_finetune
2026-10-08 21:42:27,704 epoch 6/40 update 200/219 stage=full_finetune
2026-10-08 21:42:50,148 EPOCH 6 accuracy=0.842981 macroF1=0.777256 best_accuracy_epoch=4 best_F1_epoch=6 meaningful_stale=1 stop=running
2026-10-08 21:42:57,791 epoch 7/40 update 1/219 stage=full_finetune
2026-10-08 21:43:03,379 epoch 7/40 update 25/219 stage=full_finetune
2026-10-08 21:43:09,187 epoch 7/40 update 50/219 stage=full_finetune
2026-10-08 21:43:15,070 epoch 7/40 update 75/219 stage=full_finetune
2026-10-08 21:43:21,034 epoch 7/40 update 100/219 stage=full_finetune
2026-10-08 21:43:27,109 epoch 7/40 update 125/219 stage=full_finetune
2026-10-08 21:43:33,105 epoch 7/40 update 150/219 stage=full_finetune
2026-10-08 21:43:39,004 epoch 7/40 update 175/219 stage=full_finetune
2026-10-08 21:43:45,003 epoch 7/40 update 200/219 stage=full_finetune
2026-10-08 21:44:07,317 EPOCH 7 accuracy=0.884897 macroF1=0.797182 best_accuracy_epoch=7 best_F1_epoch=7 meaningful_stale=0 stop=running
2026-10-08 21:44:15,330 epoch 8/40 update 1/219 stage=full_finetune
2026-10-08 21:44:21,159 epoch 8/40 update 25/219 stage=full_finetune
2026-10-08 21:44:27,194 epoch 8/40 update 50/219 stage=full_finetune
2026-10-08 21:44:33,219 epoch 8/40 update 75/219 stage=full_finetune
2026-10-08 21:44:39,165 epoch 8/40 update 100/219 stage=full_finetune
2026-10-08 21:44:45,049 epoch 8/40 update 125/219 stage=full_finetune
2026-10-08 21:44:50,971 epoch 8/40 update 150/219 stage=full_finetune
2026-10-08 21:44:57,144 epoch 8/40 update 175/219 stage=full_finetune
2026-10-08 21:45:03,205 epoch 8/40 update 200/219 stage=full_finetune
2026-10-08 21:45:26,148 EPOCH 8 accuracy=0.872921 macroF1=0.801767 best_accuracy_epoch=7 best_F1_epoch=8 meaningful_stale=0 stop=running
2026-10-08 21:45:34,123 epoch 9/40 update 1/219 stage=full_finetune
2026-10-08 21:45:39,891 epoch 9/40 update 25/219 stage=full_finetune
2026-10-08 21:45:45,879 epoch 9/40 update 50/219 stage=full_finetune
2026-10-08 21:45:51,858 epoch 9/40 update 75/219 stage=full_finetune
2026-10-08 21:45:57,918 epoch 9/40 update 100/219 stage=full_finetune
2026-10-08 21:46:03,936 epoch 9/40 update 125/219 stage=full_finetune
2026-10-08 21:46:10,118 epoch 9/40 update 150/219 stage=full_finetune
2026-10-08 21:46:16,256 epoch 9/40 update 175/219 stage=full_finetune
2026-10-08 21:46:22,357 epoch 9/40 update 200/219 stage=full_finetune
2026-10-08 21:46:45,892 EPOCH 9 accuracy=0.892216 macroF1=0.819374 best_accuracy_epoch=9 best_F1_epoch=9 meaningful_stale=0 stop=running
2026-10-08 21:46:53,863 epoch 10/40 update 1/219 stage=full_finetune
2026-10-08 21:46:59,744 epoch 10/40 update 25/219 stage=full_finetune
2026-10-08 21:47:05,760 epoch 10/40 update 50/219 stage=full_finetune
2026-10-08 21:47:11,810 epoch 10/40 update 75/219 stage=full_finetune
2026-10-08 21:47:17,731 epoch 10/40 update 100/219 stage=full_finetune
2026-10-08 21:47:23,817 epoch 10/40 update 125/219 stage=full_finetune
2026-10-08 21:47:29,866 epoch 10/40 update 150/219 stage=full_finetune
2026-10-08 21:47:36,016 epoch 10/40 update 175/219 stage=full_finetune
2026-10-08 21:47:41,997 epoch 10/40 update 200/219 stage=full_finetune
2026-10-08 21:48:05,618 EPOCH 10 accuracy=0.890885 macroF1=0.821584 best_accuracy_epoch=9 best_F1_epoch=10 meaningful_stale=1 stop=running
2026-10-08 21:48:13,788 epoch 11/40 update 1/219 stage=full_finetune
2026-10-08 21:48:19,500 epoch 11/40 update 25/219 stage=full_finetune
2026-10-08 21:48:25,611 epoch 11/40 update 50/219 stage=full_finetune
2026-10-08 21:48:31,658 epoch 11/40 update 75/219 stage=full_finetune
2026-10-08 21:48:37,746 epoch 11/40 update 100/219 stage=full_finetune
2026-10-08 21:48:43,799 epoch 11/40 update 125/219 stage=full_finetune
2026-10-08 21:48:49,853 epoch 11/40 update 150/219 stage=full_finetune
2026-10-08 21:48:55,969 epoch 11/40 update 175/219 stage=full_finetune
2026-10-08 21:49:02,049 epoch 11/40 update 200/219 stage=full_finetune
2026-10-08 21:49:25,350 EPOCH 11 accuracy=0.892216 macroF1=0.814764 best_accuracy_epoch=9 best_F1_epoch=10 meaningful_stale=2 stop=running
2026-10-08 21:49:33,929 epoch 12/40 update 1/219 stage=full_finetune
2026-10-08 21:49:39,700 epoch 12/40 update 25/219 stage=full_finetune
2026-10-08 21:49:45,610 epoch 12/40 update 50/219 stage=full_finetune
2026-10-08 21:49:51,703 epoch 12/40 update 75/219 stage=full_finetune
2026-10-08 21:49:57,718 epoch 12/40 update 100/219 stage=full_finetune
2026-10-08 21:50:03,731 epoch 12/40 update 125/219 stage=full_finetune
2026-10-08 21:50:09,855 epoch 12/40 update 150/219 stage=full_finetune
2026-10-08 21:50:15,936 epoch 12/40 update 175/219 stage=full_finetune
2026-10-08 21:50:22,103 epoch 12/40 update 200/219 stage=full_finetune
2026-10-08 21:50:45,530 EPOCH 12 accuracy=0.905522 macroF1=0.830785 best_accuracy_epoch=12 best_F1_epoch=12 meaningful_stale=0 stop=running
2026-10-08 21:50:53,598 epoch 13/40 update 1/219 stage=full_finetune
2026-10-08 21:50:59,303 epoch 13/40 update 25/219 stage=full_finetune
2026-10-08 21:51:05,240 epoch 13/40 update 50/219 stage=full_finetune
2026-10-08 21:51:11,434 epoch 13/40 update 75/219 stage=full_finetune
2026-10-08 21:51:17,474 epoch 13/40 update 100/219 stage=full_finetune
2026-10-08 21:51:23,561 epoch 13/40 update 125/219 stage=full_finetune
2026-10-08 21:51:29,704 epoch 13/40 update 150/219 stage=full_finetune
2026-10-08 21:51:35,803 epoch 13/40 update 175/219 stage=full_finetune
2026-10-08 21:51:41,875 epoch 13/40 update 200/219 stage=full_finetune
2026-10-08 21:52:05,301 EPOCH 13 accuracy=0.890885 macroF1=0.836074 best_accuracy_epoch=12 best_F1_epoch=13 meaningful_stale=0 stop=running
2026-10-08 21:52:13,538 epoch 14/40 update 1/219 stage=full_finetune
2026-10-08 21:52:19,376 epoch 14/40 update 25/219 stage=full_finetune
2026-10-08 21:52:25,348 epoch 14/40 update 50/219 stage=full_finetune
2026-10-08 21:52:31,335 epoch 14/40 update 75/219 stage=full_finetune
2026-10-08 21:52:37,216 epoch 14/40 update 100/219 stage=full_finetune
2026-10-08 21:52:43,163 epoch 14/40 update 125/219 stage=full_finetune
2026-10-08 21:52:49,099 epoch 14/40 update 150/219 stage=full_finetune
2026-10-08 21:52:55,144 epoch 14/40 update 175/219 stage=full_finetune
2026-10-08 21:53:01,196 epoch 14/40 update 200/219 stage=full_finetune
2026-10-08 21:53:23,498 EPOCH 14 accuracy=0.891550 macroF1=0.824681 best_accuracy_epoch=12 best_F1_epoch=13 meaningful_stale=1 stop=running
2026-10-08 21:53:31,571 epoch 15/40 update 1/219 stage=full_finetune
2026-10-08 21:53:37,361 epoch 15/40 update 25/219 stage=full_finetune
2026-10-08 21:53:43,279 epoch 15/40 update 50/219 stage=full_finetune
2026-10-08 21:53:49,258 epoch 15/40 update 75/219 stage=full_finetune
2026-10-08 21:53:55,240 epoch 15/40 update 100/219 stage=full_finetune
2026-10-08 21:54:01,263 epoch 15/40 update 125/219 stage=full_finetune
2026-10-08 21:54:07,294 epoch 15/40 update 150/219 stage=full_finetune
2026-10-08 21:54:13,310 epoch 15/40 update 175/219 stage=full_finetune
2026-10-08 21:54:19,392 epoch 15/40 update 200/219 stage=full_finetune
2026-10-08 21:54:41,303 EPOCH 15 accuracy=0.887558 macroF1=0.816616 best_accuracy_epoch=12 best_F1_epoch=13 meaningful_stale=2 stop=running
2026-10-08 21:54:48,733 epoch 16/40 update 1/219 stage=full_finetune
2026-10-08 21:54:54,402 epoch 16/40 update 25/219 stage=full_finetune
2026-10-08 21:55:00,240 epoch 16/40 update 50/219 stage=full_finetune
2026-10-08 21:55:06,171 epoch 16/40 update 75/219 stage=full_finetune
2026-10-08 21:55:12,115 epoch 16/40 update 100/219 stage=full_finetune
2026-10-08 21:55:17,997 epoch 16/40 update 125/219 stage=full_finetune
2026-10-08 21:55:24,151 epoch 16/40 update 150/219 stage=full_finetune
2026-10-08 21:55:30,033 epoch 16/40 update 175/219 stage=full_finetune
2026-10-08 21:55:35,962 epoch 16/40 update 200/219 stage=full_finetune
2026-10-08 21:55:57,684 EPOCH 16 accuracy=0.909514 macroF1=0.850435 best_accuracy_epoch=16 best_F1_epoch=16 meaningful_stale=0 stop=running
2026-10-08 21:56:05,309 epoch 17/40 update 1/219 stage=full_finetune
2026-10-08 21:56:11,200 epoch 17/40 update 25/219 stage=full_finetune
2026-10-08 21:56:17,242 epoch 17/40 update 50/219 stage=full_finetune
2026-10-08 21:56:23,362 epoch 17/40 update 75/219 stage=full_finetune
2026-10-08 21:56:29,253 epoch 17/40 update 100/219 stage=full_finetune
2026-10-08 21:56:35,238 epoch 17/40 update 125/219 stage=full_finetune
2026-10-08 21:56:41,169 epoch 17/40 update 150/219 stage=full_finetune
2026-10-08 21:56:47,018 epoch 17/40 update 175/219 stage=full_finetune
2026-10-08 21:56:53,036 epoch 17/40 update 200/219 stage=full_finetune
2026-10-08 21:57:14,695 EPOCH 17 accuracy=0.912176 macroF1=0.851704 best_accuracy_epoch=17 best_F1_epoch=17 meaningful_stale=0 stop=running
2026-10-08 21:57:22,493 epoch 18/40 update 1/219 stage=full_finetune
2026-10-08 21:57:28,227 epoch 18/40 update 25/219 stage=full_finetune
2026-10-08 21:57:34,225 epoch 18/40 update 50/219 stage=full_finetune
2026-10-08 21:57:40,198 epoch 18/40 update 75/219 stage=full_finetune
2026-10-08 21:57:46,931 epoch 18/40 update 100/219 stage=full_finetune
2026-10-08 21:57:53,054 epoch 18/40 update 125/219 stage=full_finetune
2026-10-08 21:57:59,115 epoch 18/40 update 150/219 stage=full_finetune
2026-10-08 21:58:05,114 epoch 18/40 update 175/219 stage=full_finetune
2026-10-08 21:58:11,062 epoch 18/40 update 200/219 stage=full_finetune
2026-10-08 21:58:33,558 EPOCH 18 accuracy=0.906188 macroF1=0.848743 best_accuracy_epoch=17 best_F1_epoch=17 meaningful_stale=1 stop=running
2026-10-08 21:58:40,864 epoch 19/40 update 1/219 stage=full_finetune
2026-10-08 21:58:46,544 epoch 19/40 update 25/219 stage=full_finetune
2026-10-08 21:58:52,605 epoch 19/40 update 50/219 stage=full_finetune
2026-10-08 21:58:58,602 epoch 19/40 update 75/219 stage=full_finetune
2026-10-08 21:59:04,717 epoch 19/40 update 100/219 stage=full_finetune
2026-10-08 21:59:10,697 epoch 19/40 update 125/219 stage=full_finetune
2026-10-08 21:59:16,812 epoch 19/40 update 150/219 stage=full_finetune
2026-10-08 21:59:22,883 epoch 19/40 update 175/219 stage=full_finetune
2026-10-08 21:59:28,924 epoch 19/40 update 200/219 stage=full_finetune
2026-10-08 21:59:50,765 EPOCH 19 accuracy=0.898869 macroF1=0.834172 best_accuracy_epoch=17 best_F1_epoch=17 meaningful_stale=2 stop=running
2026-10-08 21:59:59,150 epoch 20/40 update 1/219 stage=full_finetune
2026-10-08 22:00:04,918 epoch 20/40 update 25/219 stage=full_finetune
2026-10-08 22:00:10,890 epoch 20/40 update 50/219 stage=full_finetune
2026-10-08 22:00:16,832 epoch 20/40 update 75/219 stage=full_finetune
2026-10-08 22:00:22,853 epoch 20/40 update 100/219 stage=full_finetune
2026-10-08 22:00:28,776 epoch 20/40 update 125/219 stage=full_finetune
2026-10-08 22:00:34,687 epoch 20/40 update 150/219 stage=full_finetune
2026-10-08 22:00:40,724 epoch 20/40 update 175/219 stage=full_finetune
2026-10-08 22:00:46,701 epoch 20/40 update 200/219 stage=full_finetune
2026-10-08 22:01:09,872 EPOCH 20 accuracy=0.913506 macroF1=0.837915 best_accuracy_epoch=20 best_F1_epoch=17 meaningful_stale=3 stop=running
2026-10-08 22:01:17,799 epoch 21/40 update 1/219 stage=full_finetune
2026-10-08 22:01:23,508 epoch 21/40 update 25/219 stage=full_finetune
2026-10-08 22:01:29,652 epoch 21/40 update 50/219 stage=full_finetune
2026-10-08 22:01:35,664 epoch 21/40 update 75/219 stage=full_finetune
2026-10-08 22:01:41,696 epoch 21/40 update 100/219 stage=full_finetune
2026-10-08 22:01:46,492 STOPPED; latest valid epoch preserved
Traceback (most recent call last):
  File "C:\Users\MARS\Desktop\College\Minor Project\Project Development\research\final_cbam_development\train.py", line 90, in run
    stats=amp_update(model,opt,scaler,batches,weights,c);updates+=1
  File "C:\Users\MARS\Desktop\College\Minor Project\Project Development\research\final_cbam_development\runtime.py", line 101, in amp_update
    norm=torch.nn.utils.clip_grad_norm_(model.parameters(),c['gradient_clip_norm'],error_if_nonfinite=True)
  File "C:\Users\MARS\Desktop\College\Minor Project\Project Development\.venv\Lib\site-packages\torch\nn\utils\clip_grad.py", line 42, in _no_grad_wrapper
    return func(*args, **kwargs)
  File "C:\Users\MARS\Desktop\College\Minor Project\Project Development\.venv\Lib\site-packages\torch\nn\utils\clip_grad.py", line 231, in clip_grad_norm_
    total_norm = _get_total_norm(grads, norm_type, error_if_nonfinite, foreach)
  File "C:\Users\MARS\Desktop\College\Minor Project\Project Development\.venv\Lib\site-packages\torch\nn\utils\clip_grad.py", line 42, in _no_grad_wrapper
    return func(*args, **kwargs)
  File "C:\Users\MARS\Desktop\College\Minor Project\Project Development\.venv\Lib\site-packages\torch\nn\utils\clip_grad.py", line 111, in _get_total_norm
    raise RuntimeError(
    ...<4 lines>...
    )
RuntimeError: The total norm of order 2.0 for gradients from `parameters` is non-finite, so it cannot be clipped. To disable this error and scale the gradients by the non-finite norm anyway, set `error_if_nonfinite=False`
2026-10-08 22:12:38,775 START S79 resume=True committed_epoch=20 train=7009 val=1503 FP32 validation; no test loader
2026-10-08 22:12:40,352 LOGGING/CHECKPOINTING ACTIVE latest=checkpoints/final_cbam_development/v1/s79_convnext_tiny_cbam_exploratory_seed42/latest.pt
2026-10-08 22:12:58,918 epoch 21/40 update 1/219 stage=full_finetune
2026-10-08 22:13:05,489 epoch 21/40 update 25/219 stage=full_finetune
2026-10-08 22:13:12,208 epoch 21/40 update 50/219 stage=full_finetune
2026-10-08 22:13:18,808 epoch 21/40 update 75/219 stage=full_finetune
2026-10-08 22:13:25,636 epoch 21/40 update 100/219 stage=full_finetune
2026-10-08 22:13:30,266 AMP OVERFLOW epoch=21 batch=117 skipped optimizer update scale 4096->2048
2026-10-08 22:13:32,465 epoch 21/40 update 125/219 stage=full_finetune
2026-10-08 22:13:39,299 epoch 21/40 update 150/219 stage=full_finetune
2026-10-08 22:13:46,063 epoch 21/40 update 175/219 stage=full_finetune
2026-10-08 22:13:52,762 epoch 21/40 update 200/219 stage=full_finetune
2026-10-08 22:14:15,310 EPOCH 21 accuracy=0.915502 macroF1=0.853711 best_accuracy_epoch=21 best_F1_epoch=21 meaningful_stale=0 stop=running
2026-10-08 22:14:22,778 epoch 22/40 update 1/219 stage=full_finetune
2026-10-08 22:14:29,243 epoch 22/40 update 25/219 stage=full_finetune
2026-10-08 22:14:35,906 epoch 22/40 update 50/219 stage=full_finetune
2026-10-08 22:14:42,630 epoch 22/40 update 75/219 stage=full_finetune
2026-10-08 22:14:49,291 epoch 22/40 update 100/219 stage=full_finetune
2026-10-08 22:14:55,988 epoch 22/40 update 125/219 stage=full_finetune
2026-10-08 22:15:02,704 epoch 22/40 update 150/219 stage=full_finetune
2026-10-08 22:15:09,356 AMP OVERFLOW epoch=22 batch=174 skipped optimizer update scale 2048->1024
2026-10-08 22:15:09,629 epoch 22/40 update 175/219 stage=full_finetune
2026-10-08 22:15:16,401 epoch 22/40 update 200/219 stage=full_finetune
2026-10-08 22:15:39,720 EPOCH 22 accuracy=0.907518 macroF1=0.834050 best_accuracy_epoch=21 best_F1_epoch=21 meaningful_stale=1 stop=running
2026-10-08 22:15:47,334 epoch 23/40 update 1/219 stage=full_finetune
2026-10-08 22:15:53,635 epoch 23/40 update 25/219 stage=full_finetune
2026-10-08 22:16:00,136 epoch 23/40 update 50/219 stage=full_finetune
2026-10-08 22:16:06,913 epoch 23/40 update 75/219 stage=full_finetune
2026-10-08 22:16:13,670 epoch 23/40 update 100/219 stage=full_finetune
2026-10-08 22:16:20,299 epoch 23/40 update 125/219 stage=full_finetune
2026-10-08 22:16:26,853 epoch 23/40 update 150/219 stage=full_finetune
2026-10-08 22:16:33,463 epoch 23/40 update 175/219 stage=full_finetune
2026-10-08 22:16:40,220 epoch 23/40 update 200/219 stage=full_finetune
2026-10-08 22:17:03,228 EPOCH 23 accuracy=0.906853 macroF1=0.842657 best_accuracy_epoch=21 best_F1_epoch=21 meaningful_stale=2 stop=running
2026-10-08 22:17:10,731 epoch 24/40 update 1/219 stage=full_finetune
2026-10-08 22:17:16,998 epoch 24/40 update 25/219 stage=full_finetune
2026-10-08 22:17:23,572 epoch 24/40 update 50/219 stage=full_finetune
2026-10-08 22:17:30,036 epoch 24/40 update 75/219 stage=full_finetune
2026-10-08 22:17:36,573 epoch 24/40 update 100/219 stage=full_finetune
2026-10-08 22:17:43,304 epoch 24/40 update 125/219 stage=full_finetune
2026-10-08 22:17:49,903 epoch 24/40 update 150/219 stage=full_finetune
2026-10-08 22:17:56,461 epoch 24/40 update 175/219 stage=full_finetune
2026-10-08 22:18:03,303 epoch 24/40 update 200/219 stage=full_finetune
2026-10-08 22:18:26,392 EPOCH 24 accuracy=0.904192 macroF1=0.826563 best_accuracy_epoch=21 best_F1_epoch=21 meaningful_stale=3 stop=running
2026-10-08 22:18:34,533 epoch 25/40 update 1/219 stage=full_finetune
2026-10-08 22:18:40,926 epoch 25/40 update 25/219 stage=full_finetune
2026-10-08 22:18:47,548 epoch 25/40 update 50/219 stage=full_finetune
2026-10-08 22:18:54,367 epoch 25/40 update 75/219 stage=full_finetune
2026-10-08 22:19:00,933 epoch 25/40 update 100/219 stage=full_finetune
2026-10-08 22:19:07,621 epoch 25/40 update 125/219 stage=full_finetune
2026-10-08 22:19:14,370 epoch 25/40 update 150/219 stage=full_finetune
2026-10-08 22:19:21,017 epoch 25/40 update 175/219 stage=full_finetune
2026-10-08 22:19:27,678 epoch 25/40 update 200/219 stage=full_finetune
2026-10-08 22:19:51,152 EPOCH 25 accuracy=0.909514 macroF1=0.848470 best_accuracy_epoch=21 best_F1_epoch=21 meaningful_stale=4 stop=running
2026-10-08 22:19:59,491 epoch 26/40 update 1/219 stage=full_finetune
2026-10-08 22:20:05,879 epoch 26/40 update 25/219 stage=full_finetune
2026-10-08 22:20:12,521 epoch 26/40 update 50/219 stage=full_finetune
2026-10-08 22:20:19,351 epoch 26/40 update 75/219 stage=full_finetune
2026-10-08 22:20:25,971 epoch 26/40 update 100/219 stage=full_finetune
2026-10-08 22:20:32,608 epoch 26/40 update 125/219 stage=full_finetune
2026-10-08 22:20:39,212 epoch 26/40 update 150/219 stage=full_finetune
2026-10-08 22:20:45,923 epoch 26/40 update 175/219 stage=full_finetune
2026-10-08 22:20:52,698 epoch 26/40 update 200/219 stage=full_finetune
2026-10-08 22:21:15,449 EPOCH 26 accuracy=0.908849 macroF1=0.851835 best_accuracy_epoch=21 best_F1_epoch=21 meaningful_stale=5 stop=running
2026-10-08 22:21:22,653 epoch 27/40 update 1/219 stage=full_finetune
2026-10-08 22:21:28,768 epoch 27/40 update 25/219 stage=full_finetune
2026-10-08 22:21:35,137 epoch 27/40 update 50/219 stage=full_finetune
2026-10-08 22:21:41,511 epoch 27/40 update 75/219 stage=full_finetune
2026-10-08 22:21:47,891 epoch 27/40 update 100/219 stage=full_finetune
2026-10-08 22:21:54,268 epoch 27/40 update 125/219 stage=full_finetune
2026-10-08 22:22:00,664 epoch 27/40 update 150/219 stage=full_finetune
2026-10-08 22:22:07,030 epoch 27/40 update 175/219 stage=full_finetune
2026-10-08 22:22:13,417 epoch 27/40 update 200/219 stage=full_finetune
2026-10-08 22:22:34,379 EPOCH 27 accuracy=0.903526 macroF1=0.824684 best_accuracy_epoch=21 best_F1_epoch=21 meaningful_stale=6 stop=running
2026-10-08 22:22:41,685 epoch 28/40 update 1/219 stage=full_finetune
2026-10-08 22:22:47,786 epoch 28/40 update 25/219 stage=full_finetune
2026-10-08 22:22:54,079 epoch 28/40 update 50/219 stage=full_finetune
2026-10-08 22:23:00,396 epoch 28/40 update 75/219 stage=full_finetune
2026-10-08 22:23:06,739 epoch 28/40 update 100/219 stage=full_finetune
2026-10-08 22:23:13,103 epoch 28/40 update 125/219 stage=full_finetune
2026-10-08 22:23:19,423 epoch 28/40 update 150/219 stage=full_finetune
2026-10-08 22:23:25,690 epoch 28/40 update 175/219 stage=full_finetune
2026-10-08 22:23:32,026 epoch 28/40 update 200/219 stage=full_finetune
2026-10-08 22:23:52,936 EPOCH 28 accuracy=0.919494 macroF1=0.865686 best_accuracy_epoch=28 best_F1_epoch=28 meaningful_stale=0 stop=running
2026-10-08 22:24:00,251 epoch 29/40 update 1/219 stage=full_finetune
2026-10-08 22:24:06,322 epoch 29/40 update 25/219 stage=full_finetune
2026-10-08 22:24:12,667 epoch 29/40 update 50/219 stage=full_finetune
2026-10-08 22:24:18,981 epoch 29/40 update 75/219 stage=full_finetune
2026-10-08 22:24:25,314 epoch 29/40 update 100/219 stage=full_finetune
2026-10-08 22:24:31,640 epoch 29/40 update 125/219 stage=full_finetune
2026-10-08 22:24:37,963 epoch 29/40 update 150/219 stage=full_finetune
2026-10-08 22:24:44,286 epoch 29/40 update 175/219 stage=full_finetune
2026-10-08 22:24:50,618 epoch 29/40 update 200/219 stage=full_finetune
2026-10-08 22:25:11,694 EPOCH 29 accuracy=0.919494 macroF1=0.870064 best_accuracy_epoch=28 best_F1_epoch=29 meaningful_stale=0 stop=running
2026-10-08 22:25:20,282 epoch 30/40 update 1/219 stage=full_finetune
2026-10-08 22:25:26,535 epoch 30/40 update 25/219 stage=full_finetune
2026-10-08 22:25:33,493 epoch 30/40 update 50/219 stage=full_finetune
2026-10-08 22:25:40,383 epoch 30/40 update 75/219 stage=full_finetune
2026-10-08 22:25:46,953 epoch 30/40 update 100/219 stage=full_finetune
2026-10-08 22:25:53,569 epoch 30/40 update 125/219 stage=full_finetune
2026-10-08 22:26:00,779 epoch 30/40 update 150/219 stage=full_finetune
2026-10-08 22:26:07,678 epoch 30/40 update 175/219 stage=full_finetune
2026-10-08 22:26:14,404 epoch 30/40 update 200/219 stage=full_finetune
2026-10-08 22:26:38,451 EPOCH 30 accuracy=0.923486 macroF1=0.870304 best_accuracy_epoch=30 best_F1_epoch=30 meaningful_stale=0 stop=running
2026-10-08 22:26:46,027 epoch 31/40 update 1/219 stage=full_finetune
2026-10-08 22:26:52,446 epoch 31/40 update 25/219 stage=full_finetune
2026-10-08 22:26:59,235 epoch 31/40 update 50/219 stage=full_finetune
2026-10-08 22:27:06,305 epoch 31/40 update 75/219 stage=full_finetune
2026-10-08 22:27:12,715 epoch 31/40 update 100/219 stage=full_finetune
2026-10-08 22:27:19,196 epoch 31/40 update 125/219 stage=full_finetune
2026-10-08 22:27:25,695 epoch 31/40 update 150/219 stage=full_finetune
2026-10-08 22:27:32,230 epoch 31/40 update 175/219 stage=full_finetune
2026-10-08 22:27:38,774 epoch 31/40 update 200/219 stage=full_finetune
2026-10-08 22:28:00,869 EPOCH 31 accuracy=0.916833 macroF1=0.847763 best_accuracy_epoch=30 best_F1_epoch=30 meaningful_stale=1 stop=running
2026-10-08 22:28:08,377 epoch 32/40 update 1/219 stage=full_finetune
2026-10-08 22:28:14,463 epoch 32/40 update 25/219 stage=full_finetune
2026-10-08 22:28:20,808 epoch 32/40 update 50/219 stage=full_finetune
2026-10-08 22:28:27,151 epoch 32/40 update 75/219 stage=full_finetune
2026-10-08 22:28:28,448 AMP OVERFLOW epoch=32 batch=80 skipped optimizer update scale 2048->1024
2026-10-08 22:28:33,540 epoch 32/40 update 100/219 stage=full_finetune
2026-10-08 22:28:39,890 epoch 32/40 update 125/219 stage=full_finetune
2026-10-08 22:28:46,246 epoch 32/40 update 150/219 stage=full_finetune
2026-10-08 22:28:52,585 epoch 32/40 update 175/219 stage=full_finetune
2026-10-08 22:28:58,935 epoch 32/40 update 200/219 stage=full_finetune
2026-10-08 22:29:19,877 EPOCH 32 accuracy=0.918829 macroF1=0.849419 best_accuracy_epoch=30 best_F1_epoch=30 meaningful_stale=2 stop=running
2026-10-08 22:29:27,342 epoch 33/40 update 1/219 stage=full_finetune
2026-10-08 22:29:33,394 epoch 33/40 update 25/219 stage=full_finetune
2026-10-08 22:29:39,710 epoch 33/40 update 50/219 stage=full_finetune
2026-10-08 22:29:46,039 epoch 33/40 update 75/219 stage=full_finetune
2026-10-08 22:29:52,361 epoch 33/40 update 100/219 stage=full_finetune
2026-10-08 22:29:58,699 epoch 33/40 update 125/219 stage=full_finetune
2026-10-08 22:30:05,000 epoch 33/40 update 150/219 stage=full_finetune
2026-10-08 22:30:11,382 epoch 33/40 update 175/219 stage=full_finetune
2026-10-08 22:30:17,742 epoch 33/40 update 200/219 stage=full_finetune
2026-10-08 22:30:39,687 EPOCH 33 accuracy=0.930140 macroF1=0.877434 best_accuracy_epoch=33 best_F1_epoch=33 meaningful_stale=0 stop=running
2026-10-08 22:30:47,127 epoch 34/40 update 1/219 stage=full_finetune
2026-10-08 22:30:53,224 epoch 34/40 update 25/219 stage=full_finetune
2026-10-08 22:30:59,546 epoch 34/40 update 50/219 stage=full_finetune
2026-10-08 22:31:05,895 epoch 34/40 update 75/219 stage=full_finetune
2026-10-08 22:31:12,257 epoch 34/40 update 100/219 stage=full_finetune
2026-10-08 22:31:18,608 epoch 34/40 update 125/219 stage=full_finetune
2026-10-08 22:31:24,973 epoch 34/40 update 150/219 stage=full_finetune
2026-10-08 22:31:31,465 epoch 34/40 update 175/219 stage=full_finetune
2026-10-08 22:31:37,928 epoch 34/40 update 200/219 stage=full_finetune
2026-10-08 22:31:59,134 EPOCH 34 accuracy=0.925482 macroF1=0.871981 best_accuracy_epoch=33 best_F1_epoch=33 meaningful_stale=1 stop=running
2026-10-08 22:32:06,502 epoch 35/40 update 1/219 stage=full_finetune
2026-10-08 22:32:12,604 epoch 35/40 update 25/219 stage=full_finetune
2026-10-08 22:32:18,985 epoch 35/40 update 50/219 stage=full_finetune
2026-10-08 22:32:25,335 epoch 35/40 update 75/219 stage=full_finetune
2026-10-08 22:32:31,679 epoch 35/40 update 100/219 stage=full_finetune
2026-10-08 22:32:38,044 epoch 35/40 update 125/219 stage=full_finetune
2026-10-08 22:32:44,389 epoch 35/40 update 150/219 stage=full_finetune
2026-10-08 22:32:50,731 epoch 35/40 update 175/219 stage=full_finetune
2026-10-08 22:32:57,062 epoch 35/40 update 200/219 stage=full_finetune
2026-10-08 22:33:18,060 EPOCH 35 accuracy=0.924817 macroF1=0.877708 best_accuracy_epoch=33 best_F1_epoch=35 meaningful_stale=2 stop=running
2026-10-08 22:33:25,471 epoch 36/40 update 1/219 stage=full_finetune
2026-10-08 22:33:31,574 epoch 36/40 update 25/219 stage=full_finetune
2026-10-08 22:33:37,934 epoch 36/40 update 50/219 stage=full_finetune
2026-10-08 22:33:44,274 epoch 36/40 update 75/219 stage=full_finetune
2026-10-08 22:33:50,619 epoch 36/40 update 100/219 stage=full_finetune
2026-10-08 22:33:56,988 epoch 36/40 update 125/219 stage=full_finetune
2026-10-08 22:34:03,360 epoch 36/40 update 150/219 stage=full_finetune
2026-10-08 22:34:09,734 epoch 36/40 update 175/219 stage=full_finetune
2026-10-08 22:34:16,084 epoch 36/40 update 200/219 stage=full_finetune
2026-10-08 22:34:37,138 EPOCH 36 accuracy=0.920160 macroF1=0.866360 best_accuracy_epoch=33 best_F1_epoch=35 meaningful_stale=3 stop=running
2026-10-08 22:34:44,470 epoch 37/40 update 1/219 stage=full_finetune
2026-10-08 22:34:50,549 epoch 37/40 update 25/219 stage=full_finetune
2026-10-08 22:34:56,874 epoch 37/40 update 50/219 stage=full_finetune
2026-10-08 22:35:03,188 epoch 37/40 update 75/219 stage=full_finetune
2026-10-08 22:35:09,513 epoch 37/40 update 100/219 stage=full_finetune
2026-10-08 22:35:15,823 epoch 37/40 update 125/219 stage=full_finetune
2026-10-08 22:35:22,359 epoch 37/40 update 150/219 stage=full_finetune
2026-10-08 22:35:28,712 epoch 37/40 update 175/219 stage=full_finetune
2026-10-08 22:35:35,082 epoch 37/40 update 200/219 stage=full_finetune
2026-10-08 22:35:56,066 EPOCH 37 accuracy=0.923486 macroF1=0.862500 best_accuracy_epoch=33 best_F1_epoch=35 meaningful_stale=4 stop=running
2026-10-08 22:36:03,624 epoch 38/40 update 1/219 stage=full_finetune
2026-10-08 22:36:09,704 epoch 38/40 update 25/219 stage=full_finetune
2026-10-08 22:36:16,025 epoch 38/40 update 50/219 stage=full_finetune
2026-10-08 22:36:22,369 epoch 38/40 update 75/219 stage=full_finetune
2026-10-08 22:36:28,749 epoch 38/40 update 100/219 stage=full_finetune
2026-10-08 22:36:35,157 epoch 38/40 update 125/219 stage=full_finetune
2026-10-08 22:36:41,583 epoch 38/40 update 150/219 stage=full_finetune
2026-10-08 22:36:47,984 epoch 38/40 update 175/219 stage=full_finetune
2026-10-08 22:36:54,382 epoch 38/40 update 200/219 stage=full_finetune
2026-10-08 22:37:15,456 EPOCH 38 accuracy=0.924817 macroF1=0.866310 best_accuracy_epoch=33 best_F1_epoch=35 meaningful_stale=5 stop=running
2026-10-08 22:37:22,801 epoch 39/40 update 1/219 stage=full_finetune
2026-10-08 22:37:28,914 epoch 39/40 update 25/219 stage=full_finetune
2026-10-08 22:37:35,265 epoch 39/40 update 50/219 stage=full_finetune
2026-10-08 22:37:41,654 epoch 39/40 update 75/219 stage=full_finetune
2026-10-08 22:37:48,028 epoch 39/40 update 100/219 stage=full_finetune
2026-10-08 22:37:54,392 epoch 39/40 update 125/219 stage=full_finetune
2026-10-08 22:38:00,774 epoch 39/40 update 150/219 stage=full_finetune
2026-10-08 22:38:07,154 epoch 39/40 update 175/219 stage=full_finetune
2026-10-08 22:38:13,554 epoch 39/40 update 200/219 stage=full_finetune
2026-10-08 22:38:34,007 EPOCH 39 accuracy=0.916833 macroF1=0.868305 best_accuracy_epoch=33 best_F1_epoch=35 meaningful_stale=6 stop=running
2026-10-08 22:38:41,097 epoch 40/40 update 1/219 stage=full_finetune
2026-10-08 22:38:45,395 epoch 40/40 update 25/219 stage=full_finetune
2026-10-08 22:38:49,762 epoch 40/40 update 50/219 stage=full_finetune
2026-10-08 22:38:54,144 epoch 40/40 update 75/219 stage=full_finetune
2026-10-08 22:38:58,457 epoch 40/40 update 100/219 stage=full_finetune
2026-10-08 22:39:02,880 epoch 40/40 update 125/219 stage=full_finetune
2026-10-08 22:39:07,243 epoch 40/40 update 150/219 stage=full_finetune
2026-10-08 22:39:11,583 epoch 40/40 update 175/219 stage=full_finetune
2026-10-08 22:39:15,960 epoch 40/40 update 200/219 stage=full_finetune
2026-10-08 22:39:32,473 EPOCH 40 accuracy=0.926148 macroF1=0.873314 best_accuracy_epoch=33 best_F1_epoch=35 meaningful_stale=7 stop=epoch_cap
2026-10-08 22:39:38,622 COMPLETED S79 and one fixed CPU ensemble; committed_epochs=40; no additional experiment
