2026-10-10 19:09:50,584 LOGGING/CHECKPOINTING ACTIVE resume=False committed_epoch=0 train=8111 inner_val=902 latest=checkpoints/image_level_replication/v2/r201_b3_dermai_adaptation_fold00_seed42/latest.pt; no outer/test loader
2026-10-10 19:09:58,671 FIRST ACCEPTED GPU UPDATE; log active and committed recovery checkpoint exists
2026-10-10 19:09:58,671 epoch 1/50 step 1/2376 CE=1.942474 lr=0.0001
2026-10-10 19:10:12,065 epoch 1/50 step 100/2376 CE=1.159988 lr=0.0001
2026-10-10 19:10:25,382 epoch 1/50 step 200/2376 CE=1.652746 lr=0.0001
2026-10-10 19:10:38,756 epoch 1/50 step 300/2376 CE=1.107618 lr=0.0001
2026-10-10 19:10:47,173 epoch 1/50 step 400/2376 CE=1.347405 lr=0.0001
2026-10-10 19:10:54,287 epoch 1/50 step 500/2376 CE=0.964994 lr=0.0001
2026-10-10 19:11:01,155 epoch 1/50 step 600/2376 CE=1.723717 lr=0.0001
2026-10-10 19:11:08,060 epoch 1/50 step 700/2376 CE=0.926773 lr=0.0001
2026-10-10 19:11:14,895 epoch 1/50 step 800/2376 CE=0.494992 lr=0.0001
2026-10-10 19:11:21,854 epoch 1/50 step 900/2376 CE=0.652821 lr=0.0001
2026-10-10 19:11:28,861 epoch 1/50 step 1000/2376 CE=0.696307 lr=0.0001
2026-10-10 19:11:35,921 epoch 1/50 step 1100/2376 CE=1.156773 lr=0.0001
2026-10-10 19:11:42,961 epoch 1/50 step 1200/2376 CE=0.975722 lr=0.0001
2026-10-10 19:11:49,727 epoch 1/50 step 1300/2376 CE=0.638262 lr=0.0001
2026-10-10 19:11:56,702 epoch 1/50 step 1400/2376 CE=0.852326 lr=0.0001
2026-10-10 19:12:03,684 epoch 1/50 step 1500/2376 CE=0.374923 lr=0.0001
2026-10-10 19:12:10,679 epoch 1/50 step 1600/2376 CE=0.534215 lr=0.0001
2026-10-10 19:12:17,621 epoch 1/50 step 1700/2376 CE=0.725280 lr=0.0001
2026-10-10 19:12:24,406 epoch 1/50 step 1800/2376 CE=0.341114 lr=0.0001
2026-10-10 19:12:31,388 epoch 1/50 step 1900/2376 CE=0.815226 lr=0.0001
2026-10-10 19:12:38,366 epoch 1/50 step 2000/2376 CE=0.273661 lr=0.0001
2026-10-10 19:12:45,185 epoch 1/50 step 2100/2376 CE=0.601086 lr=0.0001
2026-10-10 19:12:52,163 epoch 1/50 step 2200/2376 CE=0.329680 lr=0.0001
2026-10-10 19:12:59,146 epoch 1/50 step 2300/2376 CE=0.371195 lr=0.0001
2026-10-10 19:13:04,548 epoch 1/50 step 2376/2376 CE=0.809164 lr=0.0001
2026-10-10 19:13:17,589 EPOCH 1 accuracy=0.756098 macroF1=0.662706 best_accuracy_epoch=1 best_F1_epoch=1 meaningful_stale=0 stop=running
2026-10-10 19:13:24,561 epoch 2/50 step 1/2376 CE=0.213073 lr=0.0001
2026-10-10 19:13:31,487 epoch 2/50 step 100/2376 CE=0.652959 lr=0.0001
2026-10-10 19:13:38,304 epoch 2/50 step 200/2376 CE=0.903723 lr=0.0001
2026-10-10 19:13:44,953 epoch 2/50 step 300/2376 CE=0.473233 lr=0.0001
2026-10-10 19:13:51,745 epoch 2/50 step 400/2376 CE=0.344584 lr=0.0001
2026-10-10 19:13:58,776 epoch 2/50 step 500/2376 CE=0.201709 lr=0.0001
2026-10-10 19:14:05,719 epoch 2/50 step 600/2376 CE=0.267648 lr=0.0001
2026-10-10 19:14:12,564 epoch 2/50 step 700/2376 CE=0.249232 lr=0.0001
2026-10-10 19:14:19,518 epoch 2/50 step 800/2376 CE=0.531865 lr=0.0001
2026-10-10 19:14:26,411 epoch 2/50 step 900/2376 CE=0.485762 lr=0.0001
2026-10-10 19:14:33,299 epoch 2/50 step 1000/2376 CE=0.380902 lr=0.0001
2026-10-10 19:14:40,020 epoch 2/50 step 1100/2376 CE=0.294529 lr=0.0001
2026-10-10 19:14:46,939 epoch 2/50 step 1200/2376 CE=0.064470 lr=0.0001
2026-10-10 19:14:53,809 epoch 2/50 step 1300/2376 CE=1.038258 lr=0.0001
2026-10-10 19:15:00,613 epoch 2/50 step 1400/2376 CE=0.461550 lr=0.0001
2026-10-10 19:15:07,444 epoch 2/50 step 1500/2376 CE=0.079912 lr=0.0001
2026-10-10 19:15:14,220 epoch 2/50 step 1600/2376 CE=0.272607 lr=0.0001
2026-10-10 19:15:21,190 epoch 2/50 step 1700/2376 CE=0.236535 lr=0.0001
2026-10-10 19:15:28,015 epoch 2/50 step 1800/2376 CE=0.510237 lr=0.0001
2026-10-10 19:15:34,897 epoch 2/50 step 1900/2376 CE=0.152041 lr=0.0001
2026-10-10 19:15:41,740 epoch 2/50 step 2000/2376 CE=0.386448 lr=0.0001
2026-10-10 19:15:48,695 epoch 2/50 step 2100/2376 CE=0.415458 lr=0.0001
2026-10-10 19:15:55,554 epoch 2/50 step 2200/2376 CE=0.390631 lr=0.0001
2026-10-10 19:16:02,399 epoch 2/50 step 2300/2376 CE=0.437071 lr=0.0001
2026-10-10 19:16:07,661 epoch 2/50 step 2376/2376 CE=0.302805 lr=0.0001
2026-10-10 19:16:20,372 EPOCH 2 accuracy=0.774945 macroF1=0.686604 best_accuracy_epoch=2 best_F1_epoch=2 meaningful_stale=0 stop=running
2026-10-10 19:16:27,416 epoch 3/50 step 1/2376 CE=0.251291 lr=0.0001
2026-10-10 19:16:34,328 epoch 3/50 step 100/2376 CE=0.322788 lr=0.0001
2026-10-10 19:16:41,316 epoch 3/50 step 200/2376 CE=0.352583 lr=0.0001
2026-10-10 19:16:48,390 epoch 3/50 step 300/2376 CE=0.145946 lr=0.0001
2026-10-10 19:16:55,044 epoch 3/50 step 400/2376 CE=0.364578 lr=0.0001
2026-10-10 19:17:02,008 epoch 3/50 step 500/2376 CE=0.036687 lr=0.0001
2026-10-10 19:17:09,153 epoch 3/50 step 600/2376 CE=0.486952 lr=0.0001
2026-10-10 19:17:16,075 epoch 3/50 step 700/2376 CE=0.043750 lr=0.0001
2026-10-10 19:17:25,536 epoch 3/50 step 800/2376 CE=0.286189 lr=0.0001
2026-10-10 19:17:38,574 epoch 3/50 step 900/2376 CE=0.101880 lr=0.0001
2026-10-10 19:17:50,519 epoch 3/50 step 1000/2376 CE=0.381855 lr=0.0001
2026-10-10 19:18:03,755 epoch 3/50 step 1100/2376 CE=0.590226 lr=0.0001
2026-10-10 19:18:17,180 epoch 3/50 step 1200/2376 CE=0.573705 lr=0.0001
2026-10-10 19:18:30,337 epoch 3/50 step 1300/2376 CE=0.878337 lr=0.0001
2026-10-10 19:18:43,286 epoch 3/50 step 1400/2376 CE=0.786970 lr=0.0001
2026-10-10 19:18:56,284 epoch 3/50 step 1500/2376 CE=0.165065 lr=0.0001
2026-10-10 19:19:09,225 epoch 3/50 step 1600/2376 CE=0.629119 lr=0.0001
2026-10-10 19:19:22,246 epoch 3/50 step 1700/2376 CE=0.183600 lr=0.0001
2026-10-10 19:19:35,262 epoch 3/50 step 1800/2376 CE=0.207497 lr=0.0001
2026-10-10 19:19:47,845 epoch 3/50 step 1900/2376 CE=0.389785 lr=0.0001
2026-10-10 19:19:56,522 epoch 3/50 step 2000/2376 CE=0.408920 lr=0.0001
2026-10-10 19:20:09,479 epoch 3/50 step 2100/2376 CE=0.182923 lr=0.0001
2026-10-10 19:20:22,515 epoch 3/50 step 2200/2376 CE=0.217879 lr=0.0001
2026-10-10 19:20:35,473 epoch 3/50 step 2300/2376 CE=0.437817 lr=0.0001
2026-10-10 19:20:43,697 epoch 3/50 step 2376/2376 CE=0.224541 lr=0.0001
2026-10-10 19:20:56,967 EPOCH 3 accuracy=0.817073 macroF1=0.707708 best_accuracy_epoch=3 best_F1_epoch=3 meaningful_stale=0 stop=running
2026-10-10 19:21:03,908 epoch 4/50 step 1/2376 CE=0.037348 lr=0.0001
2026-10-10 19:21:14,150 epoch 4/50 step 100/2376 CE=0.207444 lr=0.0001
2026-10-10 19:21:27,574 epoch 4/50 step 200/2376 CE=0.757233 lr=0.0001
2026-10-10 19:21:40,936 epoch 4/50 step 300/2376 CE=0.159358 lr=0.0001
2026-10-10 19:21:54,207 epoch 4/50 step 400/2376 CE=0.525715 lr=0.0001
2026-10-10 19:22:07,473 epoch 4/50 step 500/2376 CE=0.027767 lr=0.0001
2026-10-10 19:22:20,885 epoch 4/50 step 600/2376 CE=0.487344 lr=0.0001
2026-10-10 19:22:33,950 epoch 4/50 step 700/2376 CE=0.036528 lr=0.0001
2026-10-10 19:22:46,958 epoch 4/50 step 800/2376 CE=0.099465 lr=0.0001
2026-10-10 19:22:59,904 epoch 4/50 step 900/2376 CE=0.034851 lr=0.0001
2026-10-10 19:23:12,816 epoch 4/50 step 1000/2376 CE=0.160253 lr=0.0001
2026-10-10 19:23:25,667 epoch 4/50 step 1100/2376 CE=0.115891 lr=0.0001
2026-10-10 19:23:38,642 epoch 4/50 step 1200/2376 CE=0.047769 lr=0.0001
2026-10-10 19:23:51,618 epoch 4/50 step 1300/2376 CE=0.056884 lr=0.0001
2026-10-10 19:24:04,704 epoch 4/50 step 1400/2376 CE=0.018792 lr=0.0001
2026-10-10 19:24:17,690 epoch 4/50 step 1500/2376 CE=0.096928 lr=0.0001
2026-10-10 19:24:30,676 epoch 4/50 step 1600/2376 CE=0.039253 lr=0.0001
2026-10-10 19:24:43,592 epoch 4/50 step 1700/2376 CE=0.241561 lr=0.0001
2026-10-10 19:24:56,493 epoch 4/50 step 1800/2376 CE=0.169229 lr=0.0001
2026-10-10 19:25:09,398 epoch 4/50 step 1900/2376 CE=0.113295 lr=0.0001
2026-10-10 19:25:22,327 epoch 4/50 step 2000/2376 CE=0.051851 lr=0.0001
2026-10-10 19:25:32,473 epoch 4/50 step 2100/2376 CE=0.142591 lr=0.0001
2026-10-10 19:25:39,527 epoch 4/50 step 2200/2376 CE=0.283096 lr=0.0001
2026-10-10 19:25:46,594 epoch 4/50 step 2300/2376 CE=0.212642 lr=0.0001
2026-10-10 19:25:51,926 epoch 4/50 step 2376/2376 CE=0.058603 lr=0.0001
2026-10-10 19:26:04,950 EPOCH 4 accuracy=0.835920 macroF1=0.714021 best_accuracy_epoch=4 best_F1_epoch=4 meaningful_stale=0 stop=running
2026-10-10 19:26:11,868 epoch 5/50 step 1/2376 CE=0.007129 lr=0.0001
2026-10-10 19:26:18,807 epoch 5/50 step 100/2376 CE=0.098175 lr=0.0001
2026-10-10 19:26:25,811 epoch 5/50 step 200/2376 CE=0.056730 lr=0.0001
2026-10-10 19:26:32,925 epoch 5/50 step 300/2376 CE=0.050353 lr=0.0001
2026-10-10 19:26:39,931 epoch 5/50 step 400/2376 CE=0.103033 lr=0.0001
2026-10-10 19:26:46,830 epoch 5/50 step 500/2376 CE=0.227334 lr=0.0001
2026-10-10 19:26:53,840 epoch 5/50 step 600/2376 CE=0.152442 lr=0.0001
2026-10-10 19:27:00,843 epoch 5/50 step 700/2376 CE=0.009470 lr=0.0001
2026-10-10 19:27:07,748 epoch 5/50 step 800/2376 CE=0.850258 lr=0.0001
2026-10-10 19:27:14,603 epoch 5/50 step 900/2376 CE=0.124919 lr=0.0001
2026-10-10 19:27:21,522 epoch 5/50 step 1000/2376 CE=0.112631 lr=0.0001
2026-10-10 19:27:28,581 epoch 5/50 step 1100/2376 CE=0.006387 lr=0.0001
2026-10-10 19:27:35,615 epoch 5/50 step 1200/2376 CE=0.729416 lr=0.0001
2026-10-10 19:27:42,684 epoch 5/50 step 1300/2376 CE=0.051306 lr=0.0001
2026-10-10 19:27:49,751 epoch 5/50 step 1400/2376 CE=0.118734 lr=0.0001
2026-10-10 19:27:56,739 epoch 5/50 step 1500/2376 CE=0.046826 lr=0.0001
2026-10-10 19:28:03,835 epoch 5/50 step 1600/2376 CE=0.002502 lr=0.0001
2026-10-10 19:28:10,902 epoch 5/50 step 1700/2376 CE=0.786959 lr=0.0001
2026-10-10 19:28:17,980 epoch 5/50 step 1800/2376 CE=0.081821 lr=0.0001
2026-10-10 19:28:24,818 epoch 5/50 step 1900/2376 CE=0.079913 lr=0.0001
2026-10-10 19:28:31,845 epoch 5/50 step 2000/2376 CE=0.171692 lr=0.0001
2026-10-10 19:28:38,697 epoch 5/50 step 2100/2376 CE=0.089236 lr=0.0001
2026-10-10 19:28:45,660 epoch 5/50 step 2200/2376 CE=0.136704 lr=0.0001
2026-10-10 19:28:52,715 epoch 5/50 step 2300/2376 CE=0.080810 lr=0.0001
2026-10-10 19:28:57,985 epoch 5/50 step 2376/2376 CE=0.009441 lr=0.0001
2026-10-10 19:29:10,523 EPOCH 5 accuracy=0.814856 macroF1=0.679081 best_accuracy_epoch=4 best_F1_epoch=4 meaningful_stale=1 stop=running
2026-10-10 19:29:17,413 epoch 6/50 step 1/2376 CE=0.013388 lr=0.0001
2026-10-10 19:29:24,379 epoch 6/50 step 100/2376 CE=0.171728 lr=0.0001
2026-10-10 19:29:31,556 epoch 6/50 step 200/2376 CE=0.037774 lr=0.0001
2026-10-10 19:29:38,819 epoch 6/50 step 300/2376 CE=0.272161 lr=0.0001
2026-10-10 19:29:46,449 epoch 6/50 step 400/2376 CE=0.202496 lr=0.0001
2026-10-10 19:29:53,488 epoch 6/50 step 500/2376 CE=0.005815 lr=0.0001
2026-10-10 19:30:00,422 epoch 6/50 step 600/2376 CE=0.723948 lr=0.0001
2026-10-10 19:30:07,321 epoch 6/50 step 700/2376 CE=0.048040 lr=0.0001
2026-10-10 19:30:14,420 epoch 6/50 step 800/2376 CE=0.044474 lr=0.0001
2026-10-10 19:30:21,483 epoch 6/50 step 900/2376 CE=0.101714 lr=0.0001
2026-10-10 19:30:28,692 epoch 6/50 step 1000/2376 CE=0.025466 lr=0.0001
2026-10-10 19:30:35,708 epoch 6/50 step 1100/2376 CE=0.102334 lr=0.0001
2026-10-10 19:30:42,860 epoch 6/50 step 1200/2376 CE=0.418467 lr=0.0001
2026-10-10 19:30:49,864 epoch 6/50 step 1300/2376 CE=0.038132 lr=0.0001
2026-10-10 19:30:56,924 epoch 6/50 step 1400/2376 CE=0.025448 lr=0.0001
2026-10-10 19:31:03,942 epoch 6/50 step 1500/2376 CE=0.022750 lr=0.0001
2026-10-10 19:31:11,015 epoch 6/50 step 1600/2376 CE=0.200701 lr=0.0001
2026-10-10 19:31:18,181 epoch 6/50 step 1700/2376 CE=0.045826 lr=0.0001
2026-10-10 19:31:25,354 epoch 6/50 step 1800/2376 CE=0.019223 lr=0.0001
2026-10-10 19:31:32,263 epoch 6/50 step 1900/2376 CE=0.130687 lr=0.0001
2026-10-10 19:31:39,405 epoch 6/50 step 2000/2376 CE=0.443984 lr=0.0001
2026-10-10 19:31:46,462 epoch 6/50 step 2100/2376 CE=0.027683 lr=0.0001
2026-10-10 19:31:53,311 epoch 6/50 step 2200/2376 CE=0.101777 lr=0.0001
2026-10-10 19:32:00,381 epoch 6/50 step 2300/2376 CE=0.002246 lr=0.0001
2026-10-10 19:32:05,825 epoch 6/50 step 2376/2376 CE=0.158130 lr=0.0001
2026-10-10 19:32:18,566 EPOCH 6 accuracy=0.840355 macroF1=0.719204 best_accuracy_epoch=6 best_F1_epoch=6 meaningful_stale=0 stop=running
2026-10-10 19:32:25,522 epoch 7/50 step 1/2376 CE=0.145714 lr=0.0001
2026-10-10 19:32:32,259 epoch 7/50 step 100/2376 CE=0.003720 lr=0.0001
2026-10-10 19:32:39,113 epoch 7/50 step 200/2376 CE=0.130576 lr=0.0001
2026-10-10 19:32:45,918 epoch 7/50 step 300/2376 CE=0.006509 lr=0.0001
2026-10-10 19:32:52,831 epoch 7/50 step 400/2376 CE=0.056531 lr=0.0001
2026-10-10 19:32:59,837 epoch 7/50 step 500/2376 CE=0.111737 lr=0.0001
2026-10-10 19:33:06,793 epoch 7/50 step 600/2376 CE=0.151220 lr=0.0001
2026-10-10 19:33:13,694 epoch 7/50 step 700/2376 CE=0.221111 lr=0.0001
2026-10-10 19:33:20,653 epoch 7/50 step 800/2376 CE=0.047471 lr=0.0001
2026-10-10 19:33:27,989 epoch 7/50 step 900/2376 CE=0.030726 lr=0.0001
2026-10-10 19:33:35,225 epoch 7/50 step 1000/2376 CE=0.176961 lr=0.0001
2026-10-10 19:33:42,142 epoch 7/50 step 1100/2376 CE=0.010839 lr=0.0001
2026-10-10 19:33:49,283 epoch 7/50 step 1200/2376 CE=0.354384 lr=0.0001
2026-10-10 19:33:56,322 epoch 7/50 step 1300/2376 CE=0.188560 lr=0.0001
2026-10-10 19:34:03,348 epoch 7/50 step 1400/2376 CE=0.195981 lr=0.0001
2026-10-10 19:34:10,315 epoch 7/50 step 1500/2376 CE=0.360617 lr=0.0001
2026-10-10 19:34:17,397 epoch 7/50 step 1600/2376 CE=0.083733 lr=0.0001
2026-10-10 19:34:24,522 epoch 7/50 step 1700/2376 CE=0.014793 lr=0.0001
2026-10-10 19:34:31,476 epoch 7/50 step 1800/2376 CE=0.196161 lr=0.0001
2026-10-10 19:34:38,385 epoch 7/50 step 1900/2376 CE=0.182396 lr=0.0001
2026-10-10 19:34:45,606 epoch 7/50 step 2000/2376 CE=0.003546 lr=0.0001
2026-10-10 19:34:52,671 epoch 7/50 step 2100/2376 CE=0.271124 lr=0.0001
2026-10-10 19:34:59,806 epoch 7/50 step 2200/2376 CE=0.000717 lr=0.0001
2026-10-10 19:35:06,949 epoch 7/50 step 2300/2376 CE=0.228232 lr=0.0001
2026-10-10 19:35:12,427 epoch 7/50 step 2376/2376 CE=0.089260 lr=0.0001
2026-10-10 19:35:24,773 EPOCH 7 accuracy=0.823725 macroF1=0.694671 best_accuracy_epoch=6 best_F1_epoch=6 meaningful_stale=1 stop=running
2026-10-10 19:35:32,037 epoch 8/50 step 1/2376 CE=0.063550 lr=0.0001
2026-10-10 19:35:38,946 epoch 8/50 step 100/2376 CE=0.047938 lr=0.0001
2026-10-10 19:35:46,511 epoch 8/50 step 200/2376 CE=0.074982 lr=0.0001
2026-10-10 19:35:53,874 epoch 8/50 step 300/2376 CE=0.135681 lr=0.0001
2026-10-10 19:36:00,974 epoch 8/50 step 400/2376 CE=0.104256 lr=0.0001
2026-10-10 19:36:08,060 epoch 8/50 step 500/2376 CE=0.002956 lr=0.0001
2026-10-10 19:36:15,185 epoch 8/50 step 600/2376 CE=0.072011 lr=0.0001
2026-10-10 19:36:22,366 epoch 8/50 step 700/2376 CE=0.041767 lr=0.0001
2026-10-10 19:36:29,424 epoch 8/50 step 800/2376 CE=0.338002 lr=0.0001
2026-10-10 19:36:36,365 epoch 8/50 step 900/2376 CE=0.022156 lr=0.0001
2026-10-10 19:36:43,323 epoch 8/50 step 1000/2376 CE=0.007598 lr=0.0001
2026-10-10 19:36:50,384 epoch 8/50 step 1100/2376 CE=0.020798 lr=0.0001
2026-10-10 19:36:57,355 epoch 8/50 step 1200/2376 CE=0.078353 lr=0.0001
2026-10-10 19:37:04,330 epoch 8/50 step 1300/2376 CE=0.165488 lr=0.0001
2026-10-10 19:37:11,563 epoch 8/50 step 1400/2376 CE=0.218444 lr=0.0001
2026-10-10 19:37:18,574 epoch 8/50 step 1500/2376 CE=0.014256 lr=0.0001
2026-10-10 19:37:25,657 epoch 8/50 step 1600/2376 CE=0.187233 lr=0.0001
2026-10-10 19:37:32,831 epoch 8/50 step 1700/2376 CE=0.126115 lr=0.0001
2026-10-10 19:37:39,692 epoch 8/50 step 1800/2376 CE=0.005639 lr=0.0001
2026-10-10 19:37:46,646 epoch 8/50 step 1900/2376 CE=0.048332 lr=0.0001
2026-10-10 19:37:53,724 epoch 8/50 step 2000/2376 CE=0.129811 lr=0.0001
2026-10-10 19:38:00,741 epoch 8/50 step 2100/2376 CE=0.006987 lr=0.0001
2026-10-10 19:38:07,738 epoch 8/50 step 2200/2376 CE=0.452439 lr=0.0001
2026-10-10 19:38:14,883 epoch 8/50 step 2300/2376 CE=0.008706 lr=0.0001
2026-10-10 19:38:20,233 epoch 8/50 step 2376/2376 CE=0.105112 lr=0.0001
2026-10-10 19:38:32,578 EPOCH 8 accuracy=0.814856 macroF1=0.691141 best_accuracy_epoch=6 best_F1_epoch=6 meaningful_stale=2 stop=running
2026-10-10 19:38:39,427 epoch 9/50 step 1/2376 CE=0.090971 lr=0.0001
2026-10-10 19:38:46,393 epoch 9/50 step 100/2376 CE=0.195055 lr=0.0001
2026-10-10 19:38:53,457 epoch 9/50 step 200/2376 CE=0.221885 lr=0.0001
2026-10-10 19:39:00,418 epoch 9/50 step 300/2376 CE=0.328896 lr=0.0001
2026-10-10 19:39:07,576 epoch 9/50 step 400/2376 CE=0.002203 lr=0.0001
2026-10-10 19:39:14,776 epoch 9/50 step 500/2376 CE=0.036669 lr=0.0001
2026-10-10 19:39:21,597 epoch 9/50 step 600/2376 CE=0.008738 lr=0.0001
2026-10-10 19:39:28,582 epoch 9/50 step 700/2376 CE=0.008511 lr=0.0001
2026-10-10 19:39:35,615 epoch 9/50 step 800/2376 CE=0.002636 lr=0.0001
2026-10-10 19:39:42,662 epoch 9/50 step 900/2376 CE=0.000549 lr=0.0001
2026-10-10 19:39:49,737 epoch 9/50 step 1000/2376 CE=0.036115 lr=0.0001
2026-10-10 19:39:56,666 epoch 9/50 step 1100/2376 CE=0.003838 lr=0.0001
2026-10-10 19:40:03,639 epoch 9/50 step 1200/2376 CE=0.071140 lr=0.0001
2026-10-10 19:40:10,817 epoch 9/50 step 1300/2376 CE=0.001255 lr=0.0001
2026-10-10 19:40:17,887 epoch 9/50 step 1400/2376 CE=0.106807 lr=0.0001
2026-10-10 19:40:24,942 epoch 9/50 step 1500/2376 CE=0.536674 lr=0.0001
2026-10-10 19:40:32,295 epoch 9/50 step 1600/2376 CE=0.020126 lr=0.0001
2026-10-10 19:40:39,552 epoch 9/50 step 1700/2376 CE=0.030748 lr=0.0001
2026-10-10 19:40:46,604 epoch 9/50 step 1800/2376 CE=0.708799 lr=0.0001
2026-10-10 19:40:53,515 epoch 9/50 step 1900/2376 CE=0.021591 lr=0.0001
2026-10-10 19:41:00,646 epoch 9/50 step 2000/2376 CE=0.030335 lr=0.0001
2026-10-10 19:41:07,798 epoch 9/50 step 2100/2376 CE=0.060200 lr=0.0001
2026-10-10 19:41:14,876 epoch 9/50 step 2200/2376 CE=0.126806 lr=0.0001
2026-10-10 19:41:21,875 epoch 9/50 step 2300/2376 CE=0.104357 lr=0.0001
2026-10-10 19:41:27,511 epoch 9/50 step 2376/2376 CE=0.013613 lr=0.0001
2026-10-10 19:41:39,756 EPOCH 9 accuracy=0.805987 macroF1=0.688089 best_accuracy_epoch=6 best_F1_epoch=6 meaningful_stale=3 stop=running
2026-10-10 19:41:46,720 epoch 10/50 step 1/2376 CE=0.012244 lr=0.0001
2026-10-10 19:41:53,809 epoch 10/50 step 100/2376 CE=0.345860 lr=0.0001
2026-10-10 19:42:00,905 epoch 10/50 step 200/2376 CE=0.013404 lr=0.0001
2026-10-10 19:42:08,012 epoch 10/50 step 300/2376 CE=0.023858 lr=0.0001
2026-10-10 19:42:15,049 epoch 10/50 step 400/2376 CE=0.000251 lr=0.0001
2026-10-10 19:42:22,119 epoch 10/50 step 500/2376 CE=0.268664 lr=0.0001
2026-10-10 19:42:29,145 epoch 10/50 step 600/2376 CE=0.030496 lr=0.0001
2026-10-10 19:42:36,364 epoch 10/50 step 700/2376 CE=0.233750 lr=0.0001
2026-10-10 19:42:43,308 epoch 10/50 step 800/2376 CE=0.001425 lr=0.0001
2026-10-10 19:42:50,295 epoch 10/50 step 900/2376 CE=0.105153 lr=0.0001
2026-10-10 19:42:57,484 epoch 10/50 step 1000/2376 CE=0.120063 lr=0.0001
2026-10-10 19:43:04,496 epoch 10/50 step 1100/2376 CE=0.057497 lr=0.0001
2026-10-10 19:43:11,457 epoch 10/50 step 1200/2376 CE=0.201561 lr=0.0001
2026-10-10 19:43:18,613 epoch 10/50 step 1300/2376 CE=0.003637 lr=0.0001
2026-10-10 19:43:25,572 epoch 10/50 step 1400/2376 CE=0.000017 lr=0.0001
2026-10-10 19:43:32,550 epoch 10/50 step 1500/2376 CE=0.007742 lr=0.0001
2026-10-10 19:43:39,596 epoch 10/50 step 1600/2376 CE=0.024952 lr=0.0001
2026-10-10 19:43:46,613 epoch 10/50 step 1700/2376 CE=0.395471 lr=0.0001
2026-10-10 19:43:53,516 epoch 10/50 step 1800/2376 CE=0.003942 lr=0.0001
2026-10-10 19:44:00,487 epoch 10/50 step 1900/2376 CE=0.448423 lr=0.0001
2026-10-10 19:44:07,692 epoch 10/50 step 2000/2376 CE=0.000836 lr=0.0001
2026-10-10 19:44:14,815 epoch 10/50 step 2100/2376 CE=0.197713 lr=0.0001
2026-10-10 19:44:21,929 epoch 10/50 step 2200/2376 CE=0.023032 lr=0.0001
2026-10-10 19:44:29,012 epoch 10/50 step 2300/2376 CE=0.000345 lr=0.0001
2026-10-10 19:44:34,177 epoch 10/50 step 2376/2376 CE=0.000026 lr=0.0001
2026-10-10 19:45:03,880 EPOCH 10 accuracy=0.830377 macroF1=0.697871 best_accuracy_epoch=6 best_F1_epoch=6 meaningful_stale=4 stop=running
2026-10-10 19:45:10,846 epoch 11/50 step 1/2376 CE=0.009800 lr=0.0001
2026-10-10 19:45:17,987 epoch 11/50 step 100/2376 CE=0.396622 lr=0.0001
2026-10-10 19:45:24,880 epoch 11/50 step 200/2376 CE=0.041711 lr=0.0001
2026-10-10 19:45:32,179 epoch 11/50 step 300/2376 CE=0.090354 lr=0.0001
2026-10-10 19:45:39,199 epoch 11/50 step 400/2376 CE=0.003182 lr=0.0001
2026-10-10 19:45:46,353 epoch 11/50 step 500/2376 CE=0.347278 lr=0.0001
2026-10-10 19:45:53,417 epoch 11/50 step 600/2376 CE=0.001987 lr=0.0001
2026-10-10 19:46:00,481 epoch 11/50 step 700/2376 CE=0.200356 lr=0.0001
2026-10-10 19:46:07,703 epoch 11/50 step 800/2376 CE=0.033386 lr=0.0001
2026-10-10 19:46:14,733 epoch 11/50 step 900/2376 CE=0.000237 lr=0.0001
2026-10-10 19:46:21,915 epoch 11/50 step 1000/2376 CE=0.001380 lr=0.0001
2026-10-10 19:46:29,139 epoch 11/50 step 1100/2376 CE=0.034606 lr=0.0001
2026-10-10 19:46:36,088 epoch 11/50 step 1200/2376 CE=0.053038 lr=0.0001
2026-10-10 19:46:43,070 epoch 11/50 step 1300/2376 CE=0.022022 lr=0.0001
2026-10-10 19:46:50,028 epoch 11/50 step 1400/2376 CE=0.009494 lr=0.0001
2026-10-10 19:46:57,153 epoch 11/50 step 1500/2376 CE=0.235429 lr=0.0001
2026-10-10 19:47:04,238 epoch 11/50 step 1600/2376 CE=0.001359 lr=0.0001
2026-10-10 19:47:11,143 epoch 11/50 step 1700/2376 CE=0.003050 lr=0.0001
2026-10-10 19:47:18,102 epoch 11/50 step 1800/2376 CE=0.001396 lr=0.0001
2026-10-10 19:47:25,117 epoch 11/50 step 1900/2376 CE=0.005138 lr=0.0001
2026-10-10 19:47:32,026 epoch 11/50 step 2000/2376 CE=0.010641 lr=0.0001
2026-10-10 19:47:39,193 epoch 11/50 step 2100/2376 CE=0.212155 lr=0.0001
2026-10-10 19:47:46,397 epoch 11/50 step 2200/2376 CE=0.053728 lr=0.0001
2026-10-10 19:47:53,526 epoch 11/50 step 2300/2376 CE=0.048180 lr=0.0001
2026-10-10 19:47:58,861 epoch 11/50 step 2376/2376 CE=0.049948 lr=0.0001
2026-10-10 19:48:11,422 EPOCH 11 accuracy=0.838137 macroF1=0.726800 best_accuracy_epoch=6 best_F1_epoch=11 meaningful_stale=0 stop=running
2026-10-10 19:48:18,397 epoch 12/50 step 1/2376 CE=0.000763 lr=5e-05
2026-10-10 19:48:25,298 epoch 12/50 step 100/2376 CE=0.023374 lr=5e-05
2026-10-10 19:48:32,478 epoch 12/50 step 200/2376 CE=0.023770 lr=5e-05
2026-10-10 19:48:39,498 epoch 12/50 step 300/2376 CE=0.031944 lr=5e-05
2026-10-10 19:48:46,424 epoch 12/50 step 400/2376 CE=0.010526 lr=5e-05
2026-10-10 19:48:53,557 epoch 12/50 step 500/2376 CE=0.000059 lr=5e-05
2026-10-10 19:49:00,708 epoch 12/50 step 600/2376 CE=0.009407 lr=5e-05
2026-10-10 19:49:07,604 epoch 12/50 step 700/2376 CE=0.009641 lr=5e-05
2026-10-10 19:49:14,618 epoch 12/50 step 800/2376 CE=0.007274 lr=5e-05
2026-10-10 19:49:21,590 epoch 12/50 step 900/2376 CE=0.195985 lr=5e-05
2026-10-10 19:49:28,636 epoch 12/50 step 1000/2376 CE=0.020077 lr=5e-05
2026-10-10 19:49:35,695 epoch 12/50 step 1100/2376 CE=0.046308 lr=5e-05
2026-10-10 19:49:42,768 epoch 12/50 step 1200/2376 CE=0.022555 lr=5e-05
2026-10-10 19:49:49,765 epoch 12/50 step 1300/2376 CE=0.091075 lr=5e-05
2026-10-10 19:49:56,903 epoch 12/50 step 1400/2376 CE=0.000517 lr=5e-05
2026-10-10 19:50:04,046 epoch 12/50 step 1500/2376 CE=0.090291 lr=5e-05
2026-10-10 19:50:11,105 epoch 12/50 step 1600/2376 CE=0.471816 lr=5e-05
2026-10-10 19:50:17,941 epoch 12/50 step 1700/2376 CE=0.004927 lr=5e-05
2026-10-10 19:50:24,964 epoch 12/50 step 1800/2376 CE=0.045093 lr=5e-05
2026-10-10 19:50:32,359 epoch 12/50 step 1900/2376 CE=0.036467 lr=5e-05
2026-10-10 19:50:39,313 epoch 12/50 step 2000/2376 CE=0.037903 lr=5e-05
2026-10-10 19:50:46,380 epoch 12/50 step 2100/2376 CE=0.051242 lr=5e-05
2026-10-10 19:50:53,258 epoch 12/50 step 2200/2376 CE=0.017417 lr=5e-05
2026-10-10 19:51:00,381 epoch 12/50 step 2300/2376 CE=0.000052 lr=5e-05
2026-10-10 19:51:05,851 epoch 12/50 step 2376/2376 CE=0.011683 lr=5e-05
2026-10-10 19:51:18,060 EPOCH 12 accuracy=0.825942 macroF1=0.715876 best_accuracy_epoch=6 best_F1_epoch=11 meaningful_stale=1 stop=running
2026-10-10 19:51:25,122 epoch 13/50 step 1/2376 CE=0.002782 lr=5e-05
2026-10-10 19:51:32,128 epoch 13/50 step 100/2376 CE=0.002632 lr=5e-05
2026-10-10 19:51:39,014 epoch 13/50 step 200/2376 CE=0.333802 lr=5e-05
2026-10-10 19:51:45,932 epoch 13/50 step 300/2376 CE=0.000031 lr=5e-05
2026-10-10 19:51:53,000 epoch 13/50 step 400/2376 CE=0.019045 lr=5e-05
2026-10-10 19:52:00,179 epoch 13/50 step 500/2376 CE=0.007089 lr=5e-05
2026-10-10 19:52:13,140 epoch 13/50 step 600/2376 CE=0.173016 lr=5e-05
2026-10-10 19:52:24,198 epoch 13/50 step 700/2376 CE=0.000607 lr=5e-05
2026-10-10 19:52:37,104 epoch 13/50 step 800/2376 CE=0.008528 lr=5e-05
2026-10-10 19:52:48,042 epoch 13/50 step 900/2376 CE=0.000827 lr=5e-05
2026-10-10 19:52:55,219 epoch 13/50 step 1000/2376 CE=0.000142 lr=5e-05
2026-10-10 19:53:02,320 epoch 13/50 step 1100/2376 CE=0.031473 lr=5e-05
2026-10-10 19:53:09,280 epoch 13/50 step 1200/2376 CE=0.000485 lr=5e-05
2026-10-10 19:53:16,371 epoch 13/50 step 1300/2376 CE=0.001792 lr=5e-05
2026-10-10 19:53:23,478 epoch 13/50 step 1400/2376 CE=0.000165 lr=5e-05
2026-10-10 19:53:30,483 epoch 13/50 step 1500/2376 CE=0.001673 lr=5e-05
2026-10-10 19:53:37,525 epoch 13/50 step 1600/2376 CE=0.000039 lr=5e-05
2026-10-10 19:53:44,641 epoch 13/50 step 1700/2376 CE=0.003368 lr=5e-05
2026-10-10 19:53:51,908 epoch 13/50 step 1800/2376 CE=0.003989 lr=5e-05
2026-10-10 19:53:59,178 epoch 13/50 step 1900/2376 CE=0.004321 lr=5e-05
2026-10-10 19:54:06,387 epoch 13/50 step 2000/2376 CE=0.098215 lr=5e-05
2026-10-10 19:54:13,284 epoch 13/50 step 2100/2376 CE=0.011997 lr=5e-05
2026-10-10 19:54:20,255 epoch 13/50 step 2200/2376 CE=0.003259 lr=5e-05
2026-10-10 19:54:27,096 epoch 13/50 step 2300/2376 CE=0.037540 lr=5e-05
2026-10-10 19:54:32,320 epoch 13/50 step 2376/2376 CE=0.005499 lr=5e-05
2026-10-10 19:54:45,266 EPOCH 13 accuracy=0.842572 macroF1=0.742534 best_accuracy_epoch=13 best_F1_epoch=13 meaningful_stale=0 stop=running
2026-10-10 19:54:52,109 epoch 14/50 step 1/2376 CE=0.168464 lr=5e-05
2026-10-10 19:54:58,965 epoch 14/50 step 100/2376 CE=0.000570 lr=5e-05
2026-10-10 19:55:05,833 epoch 14/50 step 200/2376 CE=0.409389 lr=5e-05
2026-10-10 19:55:12,623 epoch 14/50 step 300/2376 CE=0.348645 lr=5e-05
2026-10-10 19:55:19,497 epoch 14/50 step 400/2376 CE=0.188207 lr=5e-05
2026-10-10 19:55:26,487 epoch 14/50 step 500/2376 CE=0.003832 lr=5e-05
2026-10-10 19:55:33,513 epoch 14/50 step 600/2376 CE=0.000009 lr=5e-05
2026-10-10 19:55:40,287 epoch 14/50 step 700/2376 CE=0.000072 lr=5e-05
2026-10-10 19:55:47,255 epoch 14/50 step 800/2376 CE=0.002575 lr=5e-05
2026-10-10 19:55:54,061 epoch 14/50 step 900/2376 CE=0.000256 lr=5e-05
2026-10-10 19:56:00,891 epoch 14/50 step 1000/2376 CE=0.001338 lr=5e-05
2026-10-10 19:56:07,796 epoch 14/50 step 1100/2376 CE=0.043406 lr=5e-05
2026-10-10 19:56:14,628 epoch 14/50 step 1200/2376 CE=0.001550 lr=5e-05
2026-10-10 19:56:21,400 epoch 14/50 step 1300/2376 CE=0.000047 lr=5e-05
2026-10-10 19:56:28,396 epoch 14/50 step 1400/2376 CE=0.010936 lr=5e-05
2026-10-10 19:56:35,149 epoch 14/50 step 1500/2376 CE=0.008472 lr=5e-05
2026-10-10 19:56:41,877 epoch 14/50 step 1600/2376 CE=0.014579 lr=5e-05
2026-10-10 19:56:48,606 epoch 14/50 step 1700/2376 CE=0.001889 lr=5e-05
2026-10-10 19:56:55,377 epoch 14/50 step 1800/2376 CE=0.000126 lr=5e-05
2026-10-10 19:57:02,105 epoch 14/50 step 1900/2376 CE=0.000069 lr=5e-05
2026-10-10 19:57:08,970 epoch 14/50 step 2000/2376 CE=0.000112 lr=5e-05
2026-10-10 19:57:15,911 epoch 14/50 step 2100/2376 CE=0.000253 lr=5e-05
2026-10-10 19:57:22,665 epoch 14/50 step 2200/2376 CE=0.000001 lr=5e-05
2026-10-10 19:57:29,588 epoch 14/50 step 2300/2376 CE=0.001037 lr=5e-05
2026-10-10 19:57:34,800 epoch 14/50 step 2376/2376 CE=0.010231 lr=5e-05
2026-10-10 19:57:47,580 EPOCH 14 accuracy=0.848115 macroF1=0.754599 best_accuracy_epoch=14 best_F1_epoch=14 meaningful_stale=0 stop=running
2026-10-10 19:57:54,432 epoch 15/50 step 1/2376 CE=0.195265 lr=5e-05
2026-10-10 19:58:01,216 epoch 15/50 step 100/2376 CE=0.000329 lr=5e-05
2026-10-10 19:58:08,118 epoch 15/50 step 200/2376 CE=0.003016 lr=5e-05
2026-10-10 19:58:14,996 epoch 15/50 step 300/2376 CE=0.000626 lr=5e-05
2026-10-10 19:58:21,879 epoch 15/50 step 400/2376 CE=0.000002 lr=5e-05
2026-10-10 19:58:28,866 epoch 15/50 step 500/2376 CE=0.022461 lr=5e-05
2026-10-10 19:58:35,864 epoch 15/50 step 600/2376 CE=0.000019 lr=5e-05
2026-10-10 19:58:42,913 epoch 15/50 step 700/2376 CE=0.000739 lr=5e-05
2026-10-10 19:58:49,609 epoch 15/50 step 800/2376 CE=0.000311 lr=5e-05
2026-10-10 19:58:56,625 epoch 15/50 step 900/2376 CE=0.000013 lr=5e-05
2026-10-10 19:59:03,487 epoch 15/50 step 1000/2376 CE=0.000271 lr=5e-05
2026-10-10 19:59:10,359 epoch 15/50 step 1100/2376 CE=0.000037 lr=5e-05
2026-10-10 19:59:17,217 epoch 15/50 step 1200/2376 CE=0.000074 lr=5e-05
2026-10-10 19:59:24,026 epoch 15/50 step 1300/2376 CE=0.000056 lr=5e-05
2026-10-10 19:59:31,579 epoch 15/50 step 1400/2376 CE=0.000305 lr=5e-05
2026-10-10 19:59:38,750 epoch 15/50 step 1500/2376 CE=0.014000 lr=5e-05
2026-10-10 19:59:45,766 epoch 15/50 step 1600/2376 CE=0.000629 lr=5e-05
2026-10-10 19:59:52,797 epoch 15/50 step 1700/2376 CE=0.018900 lr=5e-05
2026-10-10 19:59:59,702 epoch 15/50 step 1800/2376 CE=0.008261 lr=5e-05
2026-10-10 20:00:06,572 epoch 15/50 step 1900/2376 CE=0.001623 lr=5e-05
2026-10-10 20:00:13,448 epoch 15/50 step 2000/2376 CE=0.017337 lr=5e-05
2026-10-10 20:00:20,276 epoch 15/50 step 2100/2376 CE=0.001972 lr=5e-05
2026-10-10 20:00:27,227 epoch 15/50 step 2200/2376 CE=0.000356 lr=5e-05
2026-10-10 20:00:34,110 epoch 15/50 step 2300/2376 CE=0.000224 lr=5e-05
2026-10-10 20:00:39,363 epoch 15/50 step 2376/2376 CE=0.399966 lr=5e-05
2026-10-10 20:00:53,726 EPOCH 15 accuracy=0.843681 macroF1=0.735092 best_accuracy_epoch=14 best_F1_epoch=14 meaningful_stale=1 stop=running
2026-10-10 20:01:00,983 epoch 16/50 step 1/2376 CE=0.000019 lr=5e-05
2026-10-10 20:01:13,236 epoch 16/50 step 100/2376 CE=0.000013 lr=5e-05
2026-10-10 20:01:19,966 epoch 16/50 step 200/2376 CE=0.000024 lr=5e-05
2026-10-10 20:01:29,327 epoch 16/50 step 300/2376 CE=0.433709 lr=5e-05
2026-10-10 20:01:42,525 epoch 16/50 step 400/2376 CE=0.242854 lr=5e-05
2026-10-10 20:01:55,801 epoch 16/50 step 500/2376 CE=0.000805 lr=5e-05
2026-10-10 20:02:08,997 epoch 16/50 step 600/2376 CE=0.009218 lr=5e-05
2026-10-10 20:02:22,430 epoch 16/50 step 700/2376 CE=0.000787 lr=5e-05
2026-10-10 20:02:34,321 epoch 16/50 step 800/2376 CE=0.000436 lr=5e-05
2026-10-10 20:02:41,640 epoch 16/50 step 900/2376 CE=0.000124 lr=5e-05
2026-10-10 20:02:54,603 epoch 16/50 step 1000/2376 CE=0.008182 lr=5e-05
2026-10-10 20:03:07,484 epoch 16/50 step 1100/2376 CE=0.017616 lr=5e-05
2026-10-10 20:03:21,210 epoch 16/50 step 1200/2376 CE=0.001930 lr=5e-05
2026-10-10 20:03:35,102 epoch 16/50 step 1300/2376 CE=0.028268 lr=5e-05
2026-10-10 20:03:46,598 epoch 16/50 step 1400/2376 CE=0.000078 lr=5e-05
2026-10-10 20:03:54,652 epoch 16/50 step 1500/2376 CE=0.000027 lr=5e-05
2026-10-10 20:04:03,751 epoch 16/50 step 1600/2376 CE=0.032953 lr=5e-05
2026-10-10 20:04:12,075 epoch 16/50 step 1700/2376 CE=0.010316 lr=5e-05
2026-10-10 20:04:20,002 epoch 16/50 step 1800/2376 CE=0.000115 lr=5e-05
2026-10-10 20:04:27,077 epoch 16/50 step 1900/2376 CE=0.000071 lr=5e-05
2026-10-10 20:04:34,262 epoch 16/50 step 2000/2376 CE=0.071488 lr=5e-05
2026-10-10 20:04:41,546 epoch 16/50 step 2100/2376 CE=0.175577 lr=5e-05
2026-10-10 20:04:49,263 epoch 16/50 step 2200/2376 CE=0.009259 lr=5e-05
2026-10-10 20:04:57,903 epoch 16/50 step 2300/2376 CE=0.000604 lr=5e-05
2026-10-10 20:05:08,298 epoch 16/50 step 2376/2376 CE=0.032990 lr=5e-05
2026-10-10 20:05:25,102 EPOCH 16 accuracy=0.847007 macroF1=0.757723 best_accuracy_epoch=14 best_F1_epoch=16 meaningful_stale=0 stop=running
2026-10-10 20:05:33,087 epoch 17/50 step 1/2376 CE=0.000183 lr=5e-05
2026-10-10 20:05:46,963 epoch 17/50 step 100/2376 CE=0.000068 lr=5e-05
2026-10-10 20:06:00,643 epoch 17/50 step 200/2376 CE=0.238882 lr=5e-05
2026-10-10 20:06:14,324 epoch 17/50 step 300/2376 CE=0.350111 lr=5e-05
2026-10-10 20:06:27,967 epoch 17/50 step 400/2376 CE=0.020975 lr=5e-05
2026-10-10 20:06:41,402 epoch 17/50 step 500/2376 CE=0.020716 lr=5e-05
2026-10-10 20:06:54,861 epoch 17/50 step 600/2376 CE=0.000590 lr=5e-05
2026-10-10 20:07:08,193 epoch 17/50 step 700/2376 CE=0.000016 lr=5e-05
2026-10-10 20:07:21,495 epoch 17/50 step 800/2376 CE=0.000129 lr=5e-05
2026-10-10 20:07:34,763 epoch 17/50 step 900/2376 CE=0.000225 lr=5e-05
2026-10-10 20:07:48,009 epoch 17/50 step 1000/2376 CE=0.000020 lr=5e-05
2026-10-10 20:08:01,267 epoch 17/50 step 1100/2376 CE=0.000449 lr=5e-05
2026-10-10 20:08:14,477 epoch 17/50 step 1200/2376 CE=0.690149 lr=5e-05
2026-10-10 20:08:27,712 epoch 17/50 step 1300/2376 CE=0.002534 lr=5e-05
2026-10-10 20:08:41,090 epoch 17/50 step 1400/2376 CE=0.003841 lr=5e-05
2026-10-10 20:08:54,401 epoch 17/50 step 1500/2376 CE=0.000200 lr=5e-05
2026-10-10 20:09:07,817 epoch 17/50 step 1600/2376 CE=0.000096 lr=5e-05
2026-10-10 20:09:21,170 epoch 17/50 step 1700/2376 CE=0.000574 lr=5e-05
2026-10-10 20:09:34,405 epoch 17/50 step 1800/2376 CE=0.000070 lr=5e-05
2026-10-10 20:09:47,677 epoch 17/50 step 1900/2376 CE=0.000056 lr=5e-05
2026-10-10 20:10:00,594 epoch 17/50 step 2000/2376 CE=0.000344 lr=5e-05
2026-10-10 20:10:07,670 epoch 17/50 step 2100/2376 CE=0.000085 lr=5e-05
2026-10-10 20:10:16,367 epoch 17/50 step 2200/2376 CE=0.019122 lr=5e-05
2026-10-10 20:10:29,714 epoch 17/50 step 2300/2376 CE=0.007018 lr=5e-05
2026-10-10 20:10:39,868 epoch 17/50 step 2376/2376 CE=0.045326 lr=5e-05
2026-10-10 20:10:54,785 EPOCH 17 accuracy=0.843681 macroF1=0.739605 best_accuracy_epoch=14 best_F1_epoch=16 meaningful_stale=1 stop=running
2026-10-10 20:11:02,336 epoch 18/50 step 1/2376 CE=0.001520 lr=5e-05
2026-10-10 20:11:16,196 epoch 18/50 step 100/2376 CE=0.001077 lr=5e-05
2026-10-10 20:11:29,979 epoch 18/50 step 200/2376 CE=0.001732 lr=5e-05
2026-10-10 20:11:43,569 epoch 18/50 step 300/2376 CE=0.020399 lr=5e-05
2026-10-10 20:11:57,132 epoch 18/50 step 400/2376 CE=0.000001 lr=5e-05
2026-10-10 20:12:10,655 epoch 18/50 step 500/2376 CE=0.001488 lr=5e-05
2026-10-10 20:12:24,059 epoch 18/50 step 600/2376 CE=0.001014 lr=5e-05
2026-10-10 20:12:37,507 epoch 18/50 step 700/2376 CE=0.014090 lr=5e-05
2026-10-10 20:12:50,897 epoch 18/50 step 800/2376 CE=0.005629 lr=5e-05
2026-10-10 20:13:04,311 epoch 18/50 step 900/2376 CE=0.000736 lr=5e-05
2026-10-10 20:13:17,868 epoch 18/50 step 1000/2376 CE=0.000000 lr=5e-05
2026-10-10 20:13:31,449 epoch 18/50 step 1100/2376 CE=0.000877 lr=5e-05
2026-10-10 20:13:44,791 epoch 18/50 step 1200/2376 CE=0.000134 lr=5e-05
2026-10-10 20:13:58,094 epoch 18/50 step 1300/2376 CE=0.002663 lr=5e-05
2026-10-10 20:14:11,462 epoch 18/50 step 1400/2376 CE=0.009451 lr=5e-05
2026-10-10 20:14:24,851 epoch 18/50 step 1500/2376 CE=0.064777 lr=5e-05
2026-10-10 20:14:38,177 epoch 18/50 step 1600/2376 CE=0.009814 lr=5e-05
2026-10-10 20:14:51,488 epoch 18/50 step 1700/2376 CE=0.036400 lr=5e-05
2026-10-10 20:15:00,408 epoch 18/50 step 1800/2376 CE=0.000023 lr=5e-05
2026-10-10 20:15:07,489 epoch 18/50 step 1900/2376 CE=0.591972 lr=5e-05
2026-10-10 20:15:14,598 epoch 18/50 step 2000/2376 CE=0.017734 lr=5e-05
2026-10-10 20:15:26,400 epoch 18/50 step 2100/2376 CE=0.000901 lr=5e-05
2026-10-10 20:15:40,365 epoch 18/50 step 2200/2376 CE=0.040529 lr=5e-05
2026-10-10 20:15:54,194 epoch 18/50 step 2300/2376 CE=0.000031 lr=5e-05
2026-10-10 20:16:04,284 epoch 18/50 step 2376/2376 CE=0.000091 lr=5e-05
2026-10-10 20:16:19,469 EPOCH 18 accuracy=0.848115 macroF1=0.729521 best_accuracy_epoch=14 best_F1_epoch=16 meaningful_stale=2 stop=running
2026-10-10 20:16:27,218 epoch 19/50 step 1/2376 CE=0.001045 lr=5e-05
2026-10-10 20:16:40,800 epoch 19/50 step 100/2376 CE=0.000025 lr=5e-05
2026-10-10 20:16:54,619 epoch 19/50 step 200/2376 CE=0.000007 lr=5e-05
2026-10-10 20:17:08,286 epoch 19/50 step 300/2376 CE=0.000582 lr=5e-05
2026-10-10 20:17:21,878 epoch 19/50 step 400/2376 CE=0.033659 lr=5e-05
2026-10-10 20:17:31,866 epoch 19/50 step 500/2376 CE=0.000082 lr=5e-05
2026-10-10 20:17:40,594 epoch 19/50 step 600/2376 CE=0.000004 lr=5e-05
2026-10-10 20:17:54,204 epoch 19/50 step 700/2376 CE=0.000100 lr=5e-05
2026-10-10 20:18:07,588 epoch 19/50 step 800/2376 CE=0.000001 lr=5e-05
2026-10-10 20:18:20,957 epoch 19/50 step 900/2376 CE=0.000043 lr=5e-05
2026-10-10 20:18:34,416 epoch 19/50 step 1000/2376 CE=0.000344 lr=5e-05
2026-10-10 20:18:47,763 epoch 19/50 step 1100/2376 CE=0.000694 lr=5e-05
2026-10-10 20:19:01,070 epoch 19/50 step 1200/2376 CE=0.000208 lr=5e-05
2026-10-10 20:19:14,336 epoch 19/50 step 1300/2376 CE=0.001302 lr=5e-05
2026-10-10 20:19:27,640 epoch 19/50 step 1400/2376 CE=0.186311 lr=5e-05
2026-10-10 20:19:40,915 epoch 19/50 step 1500/2376 CE=0.000185 lr=5e-05
2026-10-10 20:19:54,184 epoch 19/50 step 1600/2376 CE=0.000076 lr=5e-05
2026-10-10 20:20:07,472 epoch 19/50 step 1700/2376 CE=0.001444 lr=5e-05
2026-10-10 20:20:20,760 epoch 19/50 step 1800/2376 CE=0.009584 lr=5e-05
2026-10-10 20:20:34,038 epoch 19/50 step 1900/2376 CE=0.000005 lr=5e-05
2026-10-10 20:20:47,381 epoch 19/50 step 2000/2376 CE=0.001278 lr=5e-05
2026-10-10 20:21:00,608 epoch 19/50 step 2100/2376 CE=0.000003 lr=5e-05
2026-10-10 20:21:13,896 epoch 19/50 step 2200/2376 CE=0.000005 lr=5e-05
2026-10-10 20:21:27,146 epoch 19/50 step 2300/2376 CE=0.000021 lr=5e-05
2026-10-10 20:21:37,248 epoch 19/50 step 2376/2376 CE=0.001365 lr=5e-05
2026-10-10 20:21:52,845 EPOCH 19 accuracy=0.849224 macroF1=0.748453 best_accuracy_epoch=19 best_F1_epoch=16 meaningful_stale=3 stop=running
2026-10-10 20:22:00,121 epoch 20/50 step 1/2376 CE=0.000071 lr=2.5e-05
2026-10-10 20:22:13,423 epoch 20/50 step 100/2376 CE=0.000001 lr=2.5e-05
2026-10-10 20:22:26,908 epoch 20/50 step 200/2376 CE=0.000177 lr=2.5e-05
2026-10-10 20:22:40,340 epoch 20/50 step 300/2376 CE=0.000761 lr=2.5e-05
2026-10-10 20:22:53,858 epoch 20/50 step 400/2376 CE=0.002866 lr=2.5e-05
2026-10-10 20:23:07,316 epoch 20/50 step 500/2376 CE=0.000043 lr=2.5e-05
2026-10-10 20:23:16,963 epoch 20/50 step 600/2376 CE=0.001213 lr=2.5e-05
2026-10-10 20:23:28,100 epoch 20/50 step 700/2376 CE=0.005042 lr=2.5e-05
2026-10-10 20:23:41,511 epoch 20/50 step 800/2376 CE=0.000317 lr=2.5e-05
2026-10-10 20:23:54,855 epoch 20/50 step 900/2376 CE=0.000612 lr=2.5e-05
2026-10-10 20:24:08,060 epoch 20/50 step 1000/2376 CE=0.000265 lr=2.5e-05
2026-10-10 20:24:21,404 epoch 20/50 step 1100/2376 CE=0.000002 lr=2.5e-05
2026-10-10 20:24:34,879 epoch 20/50 step 1200/2376 CE=0.005428 lr=2.5e-05
2026-10-10 20:24:48,126 epoch 20/50 step 1300/2376 CE=0.000218 lr=2.5e-05
2026-10-10 20:25:01,439 epoch 20/50 step 1400/2376 CE=0.007075 lr=2.5e-05
2026-10-10 20:25:14,690 epoch 20/50 step 1500/2376 CE=0.000047 lr=2.5e-05
2026-10-10 20:25:27,987 epoch 20/50 step 1600/2376 CE=0.000004 lr=2.5e-05
2026-10-10 20:25:41,272 epoch 20/50 step 1700/2376 CE=0.000012 lr=2.5e-05
2026-10-10 20:25:54,544 epoch 20/50 step 1800/2376 CE=0.000052 lr=2.5e-05
2026-10-10 20:26:07,808 epoch 20/50 step 1900/2376 CE=0.000617 lr=2.5e-05
2026-10-10 20:26:21,148 epoch 20/50 step 2000/2376 CE=0.000008 lr=2.5e-05
2026-10-10 20:26:34,454 epoch 20/50 step 2100/2376 CE=0.000336 lr=2.5e-05
2026-10-10 20:26:47,790 epoch 20/50 step 2200/2376 CE=0.000104 lr=2.5e-05
2026-10-10 20:27:01,071 epoch 20/50 step 2300/2376 CE=0.063340 lr=2.5e-05
2026-10-10 20:27:11,077 epoch 20/50 step 2376/2376 CE=0.000127 lr=2.5e-05
2026-10-10 20:27:26,714 EPOCH 20 accuracy=0.854767 macroF1=0.751435 best_accuracy_epoch=20 best_F1_epoch=16 meaningful_stale=0 stop=running
2026-10-10 20:27:34,009 epoch 21/50 step 1/2376 CE=0.000000 lr=2.5e-05
2026-10-10 20:27:47,352 epoch 21/50 step 100/2376 CE=0.000117 lr=2.5e-05
2026-10-10 20:28:00,795 epoch 21/50 step 200/2376 CE=0.000018 lr=2.5e-05
2026-10-10 20:28:14,237 epoch 21/50 step 300/2376 CE=0.000013 lr=2.5e-05
2026-10-10 20:28:27,682 epoch 21/50 step 400/2376 CE=0.000043 lr=2.5e-05
2026-10-10 20:28:41,108 epoch 21/50 step 500/2376 CE=0.000378 lr=2.5e-05
2026-10-10 20:28:54,434 epoch 21/50 step 600/2376 CE=0.000031 lr=2.5e-05
2026-10-10 20:29:07,761 epoch 21/50 step 700/2376 CE=0.479000 lr=2.5e-05
2026-10-10 20:29:21,047 epoch 21/50 step 800/2376 CE=0.000000 lr=2.5e-05
2026-10-10 20:29:34,388 epoch 21/50 step 900/2376 CE=0.000001 lr=2.5e-05
2026-10-10 20:29:47,700 epoch 21/50 step 1000/2376 CE=0.000001 lr=2.5e-05
2026-10-10 20:30:00,959 epoch 21/50 step 1100/2376 CE=0.000853 lr=2.5e-05
2026-10-10 20:30:14,267 epoch 21/50 step 1200/2376 CE=0.000216 lr=2.5e-05
2026-10-10 20:30:27,552 epoch 21/50 step 1300/2376 CE=0.000000 lr=2.5e-05
2026-10-10 20:30:40,877 epoch 21/50 step 1400/2376 CE=0.001318 lr=2.5e-05
2026-10-10 20:30:54,212 epoch 21/50 step 1500/2376 CE=0.000001 lr=2.5e-05
2026-10-10 20:31:07,581 epoch 21/50 step 1600/2376 CE=0.000000 lr=2.5e-05
2026-10-10 20:31:20,821 epoch 21/50 step 1700/2376 CE=0.000054 lr=2.5e-05
2026-10-10 20:31:34,064 epoch 21/50 step 1800/2376 CE=0.000000 lr=2.5e-05
2026-10-10 20:31:47,309 epoch 21/50 step 1900/2376 CE=0.000435 lr=2.5e-05
2026-10-10 20:32:00,527 epoch 21/50 step 2000/2376 CE=0.000127 lr=2.5e-05
2026-10-10 20:32:13,746 epoch 21/50 step 2100/2376 CE=0.002139 lr=2.5e-05
2026-10-10 20:32:26,997 epoch 21/50 step 2200/2376 CE=0.000450 lr=2.5e-05
2026-10-10 20:32:40,285 epoch 21/50 step 2300/2376 CE=0.030450 lr=2.5e-05
2026-10-10 20:32:50,400 epoch 21/50 step 2376/2376 CE=0.199824 lr=2.5e-05
2026-10-10 20:33:06,245 EPOCH 21 accuracy=0.858093 macroF1=0.757946 best_accuracy_epoch=21 best_F1_epoch=21 meaningful_stale=0 stop=running
2026-10-10 20:33:13,488 epoch 22/50 step 1/2376 CE=0.010415 lr=2.5e-05
2026-10-10 20:33:26,810 epoch 22/50 step 100/2376 CE=0.000079 lr=2.5e-05
2026-10-10 20:33:40,351 epoch 22/50 step 200/2376 CE=0.000001 lr=2.5e-05
2026-10-10 20:33:53,857 epoch 22/50 step 300/2376 CE=0.009586 lr=2.5e-05
2026-10-10 20:34:07,342 epoch 22/50 step 400/2376 CE=0.004784 lr=2.5e-05
2026-10-10 20:34:20,818 epoch 22/50 step 500/2376 CE=0.000196 lr=2.5e-05
2026-10-10 20:34:34,233 epoch 22/50 step 600/2376 CE=0.159310 lr=2.5e-05
2026-10-10 20:34:47,571 epoch 22/50 step 700/2376 CE=0.065989 lr=2.5e-05
2026-10-10 20:35:00,889 epoch 22/50 step 800/2376 CE=0.000189 lr=2.5e-05
2026-10-10 20:35:14,106 epoch 22/50 step 900/2376 CE=0.000162 lr=2.5e-05
2026-10-10 20:35:27,351 epoch 22/50 step 1000/2376 CE=0.000010 lr=2.5e-05
2026-10-10 20:35:40,660 epoch 22/50 step 1100/2376 CE=0.000000 lr=2.5e-05
2026-10-10 20:35:54,029 epoch 22/50 step 1200/2376 CE=0.000016 lr=2.5e-05
2026-10-10 20:36:07,557 epoch 22/50 step 1300/2376 CE=0.000240 lr=2.5e-05
2026-10-10 20:36:20,847 epoch 22/50 step 1400/2376 CE=0.002668 lr=2.5e-05
2026-10-10 20:36:34,150 epoch 22/50 step 1500/2376 CE=0.000109 lr=2.5e-05
2026-10-10 20:36:47,467 epoch 22/50 step 1600/2376 CE=0.000085 lr=2.5e-05
2026-10-10 20:37:00,794 epoch 22/50 step 1700/2376 CE=0.000679 lr=2.5e-05
2026-10-10 20:37:10,701 epoch 22/50 step 1800/2376 CE=0.018303 lr=2.5e-05
2026-10-10 20:37:23,167 epoch 22/50 step 1900/2376 CE=0.000002 lr=2.5e-05
2026-10-10 20:37:36,649 epoch 22/50 step 2000/2376 CE=0.000261 lr=2.5e-05
2026-10-10 20:37:49,914 epoch 22/50 step 2100/2376 CE=0.000002 lr=2.5e-05
2026-10-10 20:38:03,247 epoch 22/50 step 2200/2376 CE=0.000015 lr=2.5e-05
2026-10-10 20:38:16,627 epoch 22/50 step 2300/2376 CE=0.000264 lr=2.5e-05
2026-10-10 20:38:27,249 epoch 22/50 step 2376/2376 CE=0.000001 lr=2.5e-05
2026-10-10 20:38:42,780 EPOCH 22 accuracy=0.855876 macroF1=0.736386 best_accuracy_epoch=21 best_F1_epoch=21 meaningful_stale=1 stop=running
2026-10-10 20:38:50,035 epoch 23/50 step 1/2376 CE=0.000013 lr=2.5e-05
2026-10-10 20:39:03,730 epoch 23/50 step 100/2376 CE=0.000552 lr=2.5e-05
2026-10-10 20:39:17,394 epoch 23/50 step 200/2376 CE=0.000344 lr=2.5e-05
2026-10-10 20:39:30,979 epoch 23/50 step 300/2376 CE=0.000063 lr=2.5e-05
2026-10-10 20:39:44,464 epoch 23/50 step 400/2376 CE=0.000053 lr=2.5e-05
2026-10-10 20:39:57,879 epoch 23/50 step 500/2376 CE=0.000038 lr=2.5e-05
2026-10-10 20:40:11,218 epoch 23/50 step 600/2376 CE=0.000098 lr=2.5e-05
2026-10-10 20:40:24,628 epoch 23/50 step 700/2376 CE=0.002729 lr=2.5e-05
2026-10-10 20:40:37,966 epoch 23/50 step 800/2376 CE=0.000006 lr=2.5e-05
2026-10-10 20:40:51,263 epoch 23/50 step 900/2376 CE=0.001180 lr=2.5e-05
2026-10-10 20:41:04,561 epoch 23/50 step 1000/2376 CE=0.000008 lr=2.5e-05
2026-10-10 20:41:17,836 epoch 23/50 step 1100/2376 CE=0.000080 lr=2.5e-05
2026-10-10 20:41:31,157 epoch 23/50 step 1200/2376 CE=0.000009 lr=2.5e-05
2026-10-10 20:41:44,439 epoch 23/50 step 1300/2376 CE=0.000380 lr=2.5e-05
2026-10-10 20:41:57,719 epoch 23/50 step 1400/2376 CE=0.000052 lr=2.5e-05
2026-10-10 20:42:11,059 epoch 23/50 step 1500/2376 CE=0.000009 lr=2.5e-05
2026-10-10 20:42:24,336 epoch 23/50 step 1600/2376 CE=0.000002 lr=2.5e-05
2026-10-10 20:42:37,680 epoch 23/50 step 1700/2376 CE=0.000082 lr=2.5e-05
2026-10-10 20:42:51,006 epoch 23/50 step 1800/2376 CE=0.000041 lr=2.5e-05
2026-10-10 20:43:04,252 epoch 23/50 step 1900/2376 CE=0.000693 lr=2.5e-05
2026-10-10 20:43:17,498 epoch 23/50 step 2000/2376 CE=0.001017 lr=2.5e-05
2026-10-10 20:43:30,888 epoch 23/50 step 2100/2376 CE=0.000133 lr=2.5e-05
2026-10-10 20:43:44,176 epoch 23/50 step 2200/2376 CE=0.000748 lr=2.5e-05
2026-10-10 20:43:57,395 epoch 23/50 step 2300/2376 CE=0.000477 lr=2.5e-05
2026-10-10 20:44:07,480 epoch 23/50 step 2376/2376 CE=0.000613 lr=2.5e-05
2026-10-10 20:44:22,607 EPOCH 23 accuracy=0.855876 macroF1=0.740078 best_accuracy_epoch=21 best_F1_epoch=21 meaningful_stale=2 stop=running
2026-10-10 20:44:29,884 epoch 24/50 step 1/2376 CE=0.000090 lr=2.5e-05
2026-10-10 20:44:43,165 epoch 24/50 step 100/2376 CE=0.000000 lr=2.5e-05
2026-10-10 20:44:56,582 epoch 24/50 step 200/2376 CE=0.000039 lr=2.5e-05
2026-10-10 20:45:09,997 epoch 24/50 step 300/2376 CE=0.000000 lr=2.5e-05
2026-10-10 20:45:23,416 epoch 24/50 step 400/2376 CE=0.000271 lr=2.5e-05
2026-10-10 20:45:36,909 epoch 24/50 step 500/2376 CE=0.004973 lr=2.5e-05
2026-10-10 20:45:50,371 epoch 24/50 step 600/2376 CE=0.000615 lr=2.5e-05
2026-10-10 20:46:03,694 epoch 24/50 step 700/2376 CE=0.000194 lr=2.5e-05
2026-10-10 20:46:17,035 epoch 24/50 step 800/2376 CE=0.010196 lr=2.5e-05
2026-10-10 20:46:30,481 epoch 24/50 step 900/2376 CE=0.006947 lr=2.5e-05
2026-10-10 20:46:43,847 epoch 24/50 step 1000/2376 CE=0.000018 lr=2.5e-05
2026-10-10 20:46:57,203 epoch 24/50 step 1100/2376 CE=0.003610 lr=2.5e-05
2026-10-10 20:47:09,205 epoch 24/50 step 1200/2376 CE=0.001850 lr=2.5e-05
2026-10-10 20:47:16,268 epoch 24/50 step 1300/2376 CE=0.000124 lr=2.5e-05
2026-10-10 20:47:24,827 epoch 24/50 step 1400/2376 CE=0.000001 lr=2.5e-05
2026-10-10 20:47:38,109 epoch 24/50 step 1500/2376 CE=0.000002 lr=2.5e-05
2026-10-10 20:47:51,318 epoch 24/50 step 1600/2376 CE=0.000001 lr=2.5e-05
2026-10-10 20:48:04,614 epoch 24/50 step 1700/2376 CE=0.001450 lr=2.5e-05
2026-10-10 20:48:17,891 epoch 24/50 step 1800/2376 CE=0.000045 lr=2.5e-05
2026-10-10 20:48:31,268 epoch 24/50 step 1900/2376 CE=0.006195 lr=2.5e-05
2026-10-10 20:48:44,619 epoch 24/50 step 2000/2376 CE=0.001997 lr=2.5e-05
2026-10-10 20:48:57,940 epoch 24/50 step 2100/2376 CE=0.012949 lr=2.5e-05
2026-10-10 20:49:11,400 epoch 24/50 step 2200/2376 CE=0.000024 lr=2.5e-05
2026-10-10 20:49:23,222 epoch 24/50 step 2300/2376 CE=0.000029 lr=2.5e-05
2026-10-10 20:49:33,368 epoch 24/50 step 2376/2376 CE=0.009847 lr=2.5e-05
2026-10-10 20:49:48,622 EPOCH 24 accuracy=0.831486 macroF1=0.718832 best_accuracy_epoch=21 best_F1_epoch=21 meaningful_stale=3 stop=running
2026-10-10 20:49:55,989 epoch 25/50 step 1/2376 CE=0.000004 lr=2.5e-05
2026-10-10 20:50:09,353 epoch 25/50 step 100/2376 CE=0.000001 lr=2.5e-05
2026-10-10 20:50:22,843 epoch 25/50 step 200/2376 CE=0.047369 lr=2.5e-05
2026-10-10 20:50:36,335 epoch 25/50 step 300/2376 CE=0.000166 lr=2.5e-05
2026-10-10 20:50:49,861 epoch 25/50 step 400/2376 CE=0.010967 lr=2.5e-05
2026-10-10 20:51:03,309 epoch 25/50 step 500/2376 CE=0.000580 lr=2.5e-05
2026-10-10 20:51:16,662 epoch 25/50 step 600/2376 CE=0.001190 lr=2.5e-05
2026-10-10 20:51:29,973 epoch 25/50 step 700/2376 CE=0.000018 lr=2.5e-05
2026-10-10 20:51:43,272 epoch 25/50 step 800/2376 CE=0.000460 lr=2.5e-05
2026-10-10 20:51:56,663 epoch 25/50 step 900/2376 CE=0.268849 lr=2.5e-05
2026-10-10 20:52:10,028 epoch 25/50 step 1000/2376 CE=0.001635 lr=2.5e-05
2026-10-10 20:52:23,273 epoch 25/50 step 1100/2376 CE=0.000014 lr=2.5e-05
2026-10-10 20:52:36,559 epoch 25/50 step 1200/2376 CE=0.000000 lr=2.5e-05
2026-10-10 20:52:49,796 epoch 25/50 step 1300/2376 CE=0.000006 lr=2.5e-05
2026-10-10 20:53:03,039 epoch 25/50 step 1400/2376 CE=0.000053 lr=2.5e-05
2026-10-10 20:53:16,328 epoch 25/50 step 1500/2376 CE=0.000011 lr=2.5e-05
2026-10-10 20:53:29,736 epoch 25/50 step 1600/2376 CE=0.000004 lr=2.5e-05
2026-10-10 20:53:42,984 epoch 25/50 step 1700/2376 CE=0.000398 lr=2.5e-05
2026-10-10 20:53:56,200 epoch 25/50 step 1800/2376 CE=0.000003 lr=2.5e-05
2026-10-10 20:54:09,473 epoch 25/50 step 1900/2376 CE=0.000006 lr=2.5e-05
2026-10-10 20:54:22,744 epoch 25/50 step 2000/2376 CE=0.274157 lr=2.5e-05
2026-10-10 20:54:36,018 epoch 25/50 step 2100/2376 CE=0.000004 lr=2.5e-05
2026-10-10 20:54:49,333 epoch 25/50 step 2200/2376 CE=0.000000 lr=2.5e-05
2026-10-10 20:55:02,604 epoch 25/50 step 2300/2376 CE=0.000009 lr=2.5e-05
2026-10-10 20:55:12,684 epoch 25/50 step 2376/2376 CE=0.000000 lr=2.5e-05
2026-10-10 20:55:28,536 EPOCH 25 accuracy=0.848115 macroF1=0.755119 best_accuracy_epoch=21 best_F1_epoch=21 meaningful_stale=4 stop=running
2026-10-10 20:55:35,870 epoch 26/50 step 1/2376 CE=0.000001 lr=2.5e-05
2026-10-10 20:55:45,864 epoch 26/50 step 100/2376 CE=0.001398 lr=2.5e-05
2026-10-10 20:55:56,088 epoch 26/50 step 200/2376 CE=0.021258 lr=2.5e-05
2026-10-10 20:56:09,836 epoch 26/50 step 300/2376 CE=0.000008 lr=2.5e-05
2026-10-10 20:56:22,197 epoch 26/50 step 400/2376 CE=0.000004 lr=2.5e-05
2026-10-10 20:56:35,818 epoch 26/50 step 500/2376 CE=0.000111 lr=2.5e-05
2026-10-10 20:56:49,279 epoch 26/50 step 600/2376 CE=0.000067 lr=2.5e-05
2026-10-10 20:57:02,770 epoch 26/50 step 700/2376 CE=0.001993 lr=2.5e-05
2026-10-10 20:57:15,573 epoch 26/50 step 800/2376 CE=0.000000 lr=2.5e-05
2026-10-10 20:57:26,877 epoch 26/50 step 900/2376 CE=0.007811 lr=2.5e-05
2026-10-10 20:57:40,231 epoch 26/50 step 1000/2376 CE=0.000003 lr=2.5e-05
2026-10-10 20:57:53,612 epoch 26/50 step 1100/2376 CE=0.000010 lr=2.5e-05
2026-10-10 20:58:06,958 epoch 26/50 step 1200/2376 CE=0.000003 lr=2.5e-05
2026-10-10 20:58:20,233 epoch 26/50 step 1300/2376 CE=0.001228 lr=2.5e-05
2026-10-10 20:58:33,700 epoch 26/50 step 1400/2376 CE=0.000014 lr=2.5e-05
2026-10-10 20:58:47,023 epoch 26/50 step 1500/2376 CE=0.013173 lr=2.5e-05
2026-10-10 20:59:00,312 epoch 26/50 step 1600/2376 CE=0.000020 lr=2.5e-05
2026-10-10 20:59:13,544 epoch 26/50 step 1700/2376 CE=0.975130 lr=2.5e-05
2026-10-10 20:59:26,821 epoch 26/50 step 1800/2376 CE=0.000006 lr=2.5e-05
2026-10-10 20:59:40,121 epoch 26/50 step 1900/2376 CE=0.000003 lr=2.5e-05
2026-10-10 20:59:53,347 epoch 26/50 step 2000/2376 CE=0.000002 lr=2.5e-05
2026-10-10 21:00:06,660 epoch 26/50 step 2100/2376 CE=0.003200 lr=2.5e-05
2026-10-10 21:00:19,898 epoch 26/50 step 2200/2376 CE=0.000001 lr=2.5e-05
2026-10-10 21:00:33,172 epoch 26/50 step 2300/2376 CE=0.000002 lr=2.5e-05
2026-10-10 21:00:43,232 epoch 26/50 step 2376/2376 CE=0.000654 lr=2.5e-05
2026-10-10 21:00:58,827 EPOCH 26 accuracy=0.856984 macroF1=0.759662 best_accuracy_epoch=21 best_F1_epoch=26 meaningful_stale=5 stop=running
2026-10-10 21:01:06,352 epoch 27/50 step 1/2376 CE=0.000002 lr=1.25e-05
2026-10-10 21:01:19,812 epoch 27/50 step 100/2376 CE=0.000001 lr=1.25e-05
2026-10-10 21:01:33,480 epoch 27/50 step 200/2376 CE=0.000008 lr=1.25e-05
2026-10-10 21:01:47,097 epoch 27/50 step 300/2376 CE=0.000015 lr=1.25e-05
2026-10-10 21:01:56,082 epoch 27/50 step 400/2376 CE=0.004795 lr=1.25e-05
2026-10-10 21:02:05,517 epoch 27/50 step 500/2376 CE=0.000001 lr=1.25e-05
2026-10-10 21:02:18,766 epoch 27/50 step 600/2376 CE=0.000001 lr=1.25e-05
2026-10-10 21:02:32,049 epoch 27/50 step 700/2376 CE=0.000005 lr=1.25e-05
2026-10-10 21:02:45,416 epoch 27/50 step 800/2376 CE=0.000040 lr=1.25e-05
2026-10-10 21:02:58,750 epoch 27/50 step 900/2376 CE=0.007345 lr=1.25e-05
2026-10-10 21:03:12,150 epoch 27/50 step 1000/2376 CE=0.000000 lr=1.25e-05
2026-10-10 21:03:25,509 epoch 27/50 step 1100/2376 CE=0.000002 lr=1.25e-05
2026-10-10 21:03:38,919 epoch 27/50 step 1200/2376 CE=0.000009 lr=1.25e-05
2026-10-10 21:03:52,360 epoch 27/50 step 1300/2376 CE=0.016334 lr=1.25e-05
2026-10-10 21:04:05,093 epoch 27/50 step 1400/2376 CE=0.000022 lr=1.25e-05
2026-10-10 21:04:15,390 epoch 27/50 step 1500/2376 CE=0.000002 lr=1.25e-05
2026-10-10 21:04:27,088 epoch 27/50 step 1600/2376 CE=0.000000 lr=1.25e-05
2026-10-10 21:04:40,171 epoch 27/50 step 1700/2376 CE=0.000004 lr=1.25e-05
2026-10-10 21:04:53,423 epoch 27/50 step 1800/2376 CE=0.000011 lr=1.25e-05
2026-10-10 21:05:06,751 epoch 27/50 step 1900/2376 CE=0.000001 lr=1.25e-05
2026-10-10 21:05:20,079 epoch 27/50 step 2000/2376 CE=0.000329 lr=1.25e-05
2026-10-10 21:05:33,311 epoch 27/50 step 2100/2376 CE=0.000000 lr=1.25e-05
2026-10-10 21:05:46,796 epoch 27/50 step 2200/2376 CE=0.000005 lr=1.25e-05
2026-10-10 21:05:58,980 epoch 27/50 step 2300/2376 CE=0.000159 lr=1.25e-05
2026-10-10 21:06:09,068 epoch 27/50 step 2376/2376 CE=0.037099 lr=1.25e-05
2026-10-10 21:06:23,814 EPOCH 27 accuracy=0.858093 macroF1=0.751767 best_accuracy_epoch=21 best_F1_epoch=26 meaningful_stale=6 stop=running
2026-10-10 21:06:31,044 epoch 28/50 step 1/2376 CE=0.000010 lr=1.25e-05
2026-10-10 21:06:44,129 epoch 28/50 step 100/2376 CE=0.000002 lr=1.25e-05
2026-10-10 21:06:57,327 epoch 28/50 step 200/2376 CE=0.000001 lr=1.25e-05
2026-10-10 21:07:10,494 epoch 28/50 step 300/2376 CE=0.000032 lr=1.25e-05
2026-10-10 21:07:23,730 epoch 28/50 step 400/2376 CE=0.000055 lr=1.25e-05
2026-10-10 21:07:37,100 epoch 28/50 step 500/2376 CE=0.000162 lr=1.25e-05
2026-10-10 21:07:50,357 epoch 28/50 step 600/2376 CE=0.000000 lr=1.25e-05
2026-10-10 21:08:03,569 epoch 28/50 step 700/2376 CE=0.000000 lr=1.25e-05
2026-10-10 21:08:16,730 epoch 28/50 step 800/2376 CE=0.019697 lr=1.25e-05
2026-10-10 21:08:30,009 epoch 28/50 step 900/2376 CE=0.000353 lr=1.25e-05
2026-10-10 21:08:43,175 epoch 28/50 step 1000/2376 CE=0.000000 lr=1.25e-05
2026-10-10 21:08:56,379 epoch 28/50 step 1100/2376 CE=0.000008 lr=1.25e-05
2026-10-10 21:09:09,400 epoch 28/50 step 1200/2376 CE=0.000763 lr=1.25e-05
2026-10-10 21:09:22,516 epoch 28/50 step 1300/2376 CE=0.000001 lr=1.25e-05
2026-10-10 21:09:35,568 epoch 28/50 step 1400/2376 CE=0.000005 lr=1.25e-05
2026-10-10 21:09:48,611 epoch 28/50 step 1500/2376 CE=0.000010 lr=1.25e-05
2026-10-10 21:10:01,714 epoch 28/50 step 1600/2376 CE=0.000000 lr=1.25e-05
2026-10-10 21:10:14,906 epoch 28/50 step 1700/2376 CE=0.002253 lr=1.25e-05
2026-10-10 21:10:27,946 epoch 28/50 step 1800/2376 CE=0.000000 lr=1.25e-05
2026-10-10 21:10:41,114 epoch 28/50 step 1900/2376 CE=0.058190 lr=1.25e-05
2026-10-10 21:10:54,313 epoch 28/50 step 2000/2376 CE=0.000002 lr=1.25e-05
2026-10-10 21:11:07,445 epoch 28/50 step 2100/2376 CE=0.002187 lr=1.25e-05
2026-10-10 21:11:20,583 epoch 28/50 step 2200/2376 CE=0.000032 lr=1.25e-05
2026-10-10 21:11:33,948 epoch 28/50 step 2300/2376 CE=0.000100 lr=1.25e-05
2026-10-10 21:11:43,942 epoch 28/50 step 2376/2376 CE=0.000000 lr=1.25e-05
2026-10-10 21:11:58,260 EPOCH 28 accuracy=0.855876 macroF1=0.755297 best_accuracy_epoch=21 best_F1_epoch=26 meaningful_stale=7 stop=running
