[structured-research 404eafb] Close bounded S40 controlled Mixup experiment
 61 files changed, 11489 insertions(+)
 create mode 100644 results/short_screening/mixup_v1/s40_convnext_tiny_mixup_strict_dev_seed42/comparison_figures/comparison.csv
 create mode 100644 results/short_screening/mixup_v1/s40_convnext_tiny_mixup_strict_dev_seed42/comparison_figures/model_comparison.pdf
 create mode 100644 results/short_screening/mixup_v1/s40_convnext_tiny_mixup_strict_dev_seed42/comparison_figures/model_comparison.png
 create mode 100644 results/short_screening/mixup_v1/s40_convnext_tiny_mixup_strict_dev_seed42/config.json
 create mode 100644 results/short_screening/mixup_v1/s40_convnext_tiny_mixup_strict_dev_seed42/ensemble_figures/class_support.pdf
 create mode 100644 results/short_screening/mixup_v1/s40_convnext_tiny_mixup_strict_dev_seed42/ensemble_figures/class_support.png
 create mode 100644 results/short_screening/mixup_v1/s40_convnext_tiny_mixup_strict_dev_seed42/ensemble_figures/confusion_matrix.csv
 create mode 100644 results/short_screening/mixup_v1/s40_convnext_tiny_mixup_strict_dev_seed42/ensemble_figures/confusion_matrix.pdf
 create mode 100644 results/short_screening/mixup_v1/s40_convnext_tiny_mixup_strict_dev_seed42/ensemble_figures/confusion_matrix.png
 create mode 100644 results/short_screening/mixup_v1/s40_convnext_tiny_mixup_strict_dev_seed42/ensemble_figures/confusion_matrix_normalized.csv
 create mode 100644 results/short_screening/mixup_v1/s40_convnext_tiny_mixup_strict_dev_seed42/ensemble_figures/confusion_matrix_normalized.pdf
 create mode 100644 results/short_screening/mixup_v1/s40_convnext_tiny_mixup_strict_dev_seed42/ensemble_figures/confusion_matrix_normalized.png
 create mode 100644 results/short_screening/mixup_v1/s40_convnext_tiny_mixup_strict_dev_seed42/ensemble_figures/per_class_metrics.csv
 create mode 100644 results/short_screening/mixup_v1/s40_convnext_tiny_mixup_strict_dev_seed42/ensemble_figures/per_class_metrics.pdf
 create mode 100644 results/short_screening/mixup_v1/s40_convnext_tiny_mixup_strict_dev_seed42/ensemble_figures/per_class_metrics.png
 create mode 100644 results/short_screening/mixup_v1/s40_convnext_tiny_mixup_strict_dev_seed42/ensemble_metrics.json
 create mode 100644 results/short_screening/mixup_v1/s40_convnext_tiny_mixup_strict_dev_seed42/ensemble_predictions.csv
 create mode 100644 results/short_screening/mixup_v1/s40_convnext_tiny_mixup_strict_dev_seed42/ensemble_probabilities.csv
 create mode 100644 results/short_screening/mixup_v1/s40_convnext_tiny_mixup_strict_dev_seed42/figures/accuracy_curves.pdf
 create mode 100644 results/short_screening/mixup_v1/s40_convnext_tiny_mixup_strict_dev_seed42/figures/accuracy_curves.png
 create mode 100644 results/short_screening/mixup_v1/s40_convnext_tiny_mixup_strict_dev_seed42/figures/class_support.pdf
 create mode 100644 results/short_screening/mixup_v1/s40_convnext_tiny_mixup_strict_dev_seed42/figures/class_support.png
 create mode 100644 results/short_screening/mixup_v1/s40_convnext_tiny_mixup_strict_dev_seed42/figures/confusion_matrix.csv
 create mode 100644 results/short_screening/mixup_v1/s40_convnext_tiny_mixup_strict_dev_seed42/figures/confusion_matrix.pdf
 create mode 100644 results/short_screening/mixup_v1/s40_convnext_tiny_mixup_strict_dev_seed42/figures/confusion_matrix.png
 create mode 100644 results/short_screening/mixup_v1/s40_convnext_tiny_mixup_strict_dev_seed42/figures/confusion_matrix_normalized.csv
 create mode 100644 results/short_screening/mixup_v1/s40_convnext_tiny_mixup_strict_dev_seed42/figures/confusion_matrix_normalized.pdf
 create mode 100644 results/short_screening/mixup_v1/s40_convnext_tiny_mixup_strict_dev_seed42/figures/confusion_matrix_normalized.png
 create mode 100644 results/short_screening/mixup_v1/s40_convnext_tiny_mixup_strict_dev_seed42/figures/loss_curves.pdf
 create mode 100644 results/short_screening/mixup_v1/s40_convnext_tiny_mixup_strict_dev_seed42/figures/loss_curves.png
 create mode 100644 results/short_screening/mixup_v1/s40_convnext_tiny_mixup_strict_dev_seed42/figures/macro_f1_curve.pdf
 create mode 100644 results/short_screening/mixup_v1/s40_convnext_tiny_mixup_strict_dev_seed42/figures/macro_f1_curve.png
 create mode 100644 results/short_screening/mixup_v1/s40_convnext_tiny_mixup_strict_dev_seed42/figures/per_class_metrics.csv
 create mode 100644 results/short_screening/mixup_v1/s40_convnext_tiny_mixup_strict_dev_seed42/figures/per_class_metrics.pdf
 create mode 100644 results/short_screening/mixup_v1/s40_convnext_tiny_mixup_strict_dev_seed42/figures/per_class_metrics.png
 create mode 100644 results/short_screening/mixup_v1/s40_convnext_tiny_mixup_strict_dev_seed42/figures_macro_f1/class_support.pdf
 create mode 100644 results/short_screening/mixup_v1/s40_convnext_tiny_mixup_strict_dev_seed42/figures_macro_f1/class_support.png
 create mode 100644 results/short_screening/mixup_v1/s40_convnext_tiny_mixup_strict_dev_seed42/figures_macro_f1/confusion_matrix.csv
 create mode 100644 results/short_screening/mixup_v1/s40_convnext_tiny_mixup_strict_dev_seed42/figures_macro_f1/confusion_matrix.pdf
 create mode 100644 results/short_screening/mixup_v1/s40_convnext_tiny_mixup_strict_dev_seed42/figures_macro_f1/confusion_matrix.png
 create mode 100644 results/short_screening/mixup_v1/s40_convnext_tiny_mixup_strict_dev_seed42/figures_macro_f1/confusion_matrix_normalized.csv
 create mode 100644 results/short_screening/mixup_v1/s40_convnext_tiny_mixup_strict_dev_seed42/figures_macro_f1/confusion_matrix_normalized.pdf
 create mode 100644 results/short_screening/mixup_v1/s40_convnext_tiny_mixup_strict_dev_seed42/figures_macro_f1/confusion_matrix_normalized.png
 create mode 100644 results/short_screening/mixup_v1/s40_convnext_tiny_mixup_strict_dev_seed42/figures_macro_f1/per_class_metrics.csv
 create mode 100644 results/short_screening/mixup_v1/s40_convnext_tiny_mixup_strict_dev_seed42/figures_macro_f1/per_class_metrics.pdf
 create mode 100644 results/short_screening/mixup_v1/s40_convnext_tiny_mixup_strict_dev_seed42/figures_macro_f1/per_class_metrics.png
 create mode 100644 results/short_screening/mixup_v1/s40_convnext_tiny_mixup_strict_dev_seed42/history.csv
 create mode 100644 results/short_screening/mixup_v1/s40_convnext_tiny_mixup_strict_dev_seed42/lr_history.csv
 create mode 100644 results/short_screening/mixup_v1/s40_convnext_tiny_mixup_strict_dev_seed42/progress.json
 create mode 100644 results/short_screening/mixup_v1/s40_convnext_tiny_mixup_strict_dev_seed42/record.json
 create mode 100644 results/short_screening/mixup_v1/s40_convnext_tiny_mixup_strict_dev_seed42/summary.json
 create mode 100644 results/short_screening/mixup_v1/s40_convnext_tiny_mixup_strict_dev_seed42/validation_metrics.json
 create mode 100644 results/short_screening/mixup_v1/s40_convnext_tiny_mixup_strict_dev_seed42/validation_metrics_latest.json
 create mode 100644 results/short_screening/mixup_v1/s40_convnext_tiny_mixup_strict_dev_seed42/validation_metrics_macro_f1.json
 create mode 100644 results/short_screening/mixup_v1/s40_convnext_tiny_mixup_strict_dev_seed42/validation_predictions.csv
 create mode 100644 results/short_screening/mixup_v1/s40_convnext_tiny_mixup_strict_dev_seed42/validation_predictions_latest.csv
 create mode 100644 results/short_screening/mixup_v1/s40_convnext_tiny_mixup_strict_dev_seed42/validation_predictions_macro_f1.csv
 create mode 100644 results/short_screening/mixup_v1/s40_convnext_tiny_mixup_strict_dev_seed42/validation_probabilities.csv
 create mode 100644 results/short_screening/mixup_v1/s40_convnext_tiny_mixup_strict_dev_seed42/validation_probabilities_macro_f1.csv
 create mode 100644 results/short_screening/mixup_v1/s40_convnext_tiny_mixup_strict_dev_seed42/verification.json
