2026-10-05 12:24:17,390 START s40_convnext_tiny_mixup_strict_dev_seed42 resume=False epoch=0; fresh ImageNet; hard20; checkpoint committed; test loader absent
2026-10-05 12:24:33,695 epoch 1/20 step 1/219 mixed_loss=1.87319
2026-10-05 12:24:42,533 epoch 1/20 step 50/219 mixed_loss=1.56615
2026-10-05 12:24:51,465 epoch 1/20 step 100/219 mixed_loss=1.45694
2026-10-05 12:25:00,395 epoch 1/20 step 150/219 mixed_loss=1.37703
2026-10-05 12:25:09,334 epoch 1/20 step 200/219 mixed_loss=1.31530
2026-10-05 12:25:29,694 EPOCH 1 accuracy=0.814371 F1=0.669163; best=1; hard cap20
2026-10-05 12:25:36,065 epoch 2/20 step 1/219 mixed_loss=1.27066
2026-10-05 12:25:43,986 epoch 2/20 step 50/219 mixed_loss=0.93070
2026-10-05 12:25:51,927 epoch 2/20 step 100/219 mixed_loss=0.91730
2026-10-05 12:25:59,865 epoch 2/20 step 150/219 mixed_loss=0.89571
2026-10-05 12:26:07,826 epoch 2/20 step 200/219 mixed_loss=0.88220
2026-10-05 12:26:21,389 EPOCH 2 accuracy=0.787092 F1=0.724136; best=1; hard cap20
2026-10-05 12:26:27,657 epoch 3/20 step 1/219 mixed_loss=0.71124
2026-10-05 12:26:36,101 epoch 3/20 step 50/219 mixed_loss=0.81397
2026-10-05 12:26:45,009 epoch 3/20 step 100/219 mixed_loss=0.76500
2026-10-05 12:26:53,885 epoch 3/20 step 150/219 mixed_loss=0.75309
2026-10-05 12:27:02,781 epoch 3/20 step 200/219 mixed_loss=0.75300
2026-10-05 12:27:19,811 EPOCH 3 accuracy=0.841650 F1=0.754780; best=3; hard cap20
2026-10-05 12:27:26,468 epoch 4/20 step 1/219 mixed_loss=0.29297
2026-10-05 12:27:35,164 epoch 4/20 step 50/219 mixed_loss=0.63385
2026-10-05 12:27:44,009 epoch 4/20 step 100/219 mixed_loss=0.63199
2026-10-05 12:27:52,882 epoch 4/20 step 150/219 mixed_loss=0.64838
2026-10-05 12:28:01,768 epoch 4/20 step 200/219 mixed_loss=0.62747
2026-10-05 12:28:18,858 EPOCH 4 accuracy=0.833001 F1=0.762713; best=3; hard cap20
2026-10-05 12:28:25,465 epoch 5/20 step 1/219 mixed_loss=0.56895
2026-10-05 12:28:34,167 epoch 5/20 step 50/219 mixed_loss=0.65372
2026-10-05 12:28:43,061 epoch 5/20 step 100/219 mixed_loss=0.65224
2026-10-05 12:28:51,924 epoch 5/20 step 150/219 mixed_loss=0.61304
2026-10-05 12:29:00,800 epoch 5/20 step 200/219 mixed_loss=0.60570
2026-10-05 12:29:17,561 EPOCH 5 accuracy=0.846973 F1=0.769904; best=5; hard cap20
2026-10-05 12:29:24,242 epoch 6/20 step 1/219 mixed_loss=0.17858
2026-10-05 12:29:32,956 epoch 6/20 step 50/219 mixed_loss=0.43653
2026-10-05 12:29:41,834 epoch 6/20 step 100/219 mixed_loss=0.44399
2026-10-05 12:29:50,713 epoch 6/20 step 150/219 mixed_loss=0.46590
2026-10-05 12:29:59,596 epoch 6/20 step 200/219 mixed_loss=0.47947
2026-10-05 12:30:16,576 EPOCH 6 accuracy=0.872921 F1=0.791415; best=6; hard cap20
2026-10-05 12:30:23,254 epoch 7/20 step 1/219 mixed_loss=0.59763
2026-10-05 12:30:31,958 epoch 7/20 step 50/219 mixed_loss=0.40323
2026-10-05 12:30:40,845 epoch 7/20 step 100/219 mixed_loss=0.41108
2026-10-05 12:30:49,667 epoch 7/20 step 150/219 mixed_loss=0.44186
2026-10-05 12:30:58,567 epoch 7/20 step 200/219 mixed_loss=0.44579
2026-10-05 12:31:14,887 EPOCH 7 accuracy=0.862275 F1=0.772947; best=6; hard cap20
2026-10-05 12:31:21,630 epoch 8/20 step 1/219 mixed_loss=0.72405
2026-10-05 12:31:30,302 epoch 8/20 step 50/219 mixed_loss=0.50867
2026-10-05 12:31:39,433 epoch 8/20 step 100/219 mixed_loss=0.49151
2026-10-05 12:31:48,690 epoch 8/20 step 150/219 mixed_loss=0.49271
2026-10-05 12:31:57,537 epoch 8/20 step 200/219 mixed_loss=0.46615
2026-10-05 12:32:14,123 EPOCH 8 accuracy=0.861610 F1=0.781279; best=6; hard cap20
2026-10-05 12:32:20,814 epoch 9/20 step 1/219 mixed_loss=0.26982
2026-10-05 12:32:29,520 epoch 9/20 step 50/219 mixed_loss=0.39962
2026-10-05 12:32:38,380 epoch 9/20 step 100/219 mixed_loss=0.43068
2026-10-05 12:32:47,254 epoch 9/20 step 150/219 mixed_loss=0.42888
2026-10-05 12:32:56,109 epoch 9/20 step 200/219 mixed_loss=0.42796
2026-10-05 12:33:12,908 EPOCH 9 accuracy=0.876248 F1=0.808618; best=9; hard cap20
2026-10-05 12:33:19,427 epoch 10/20 step 1/219 mixed_loss=0.33367
2026-10-05 12:33:28,093 epoch 10/20 step 50/219 mixed_loss=0.32508
2026-10-05 12:33:36,953 epoch 10/20 step 100/219 mixed_loss=0.36855
2026-10-05 12:33:45,789 epoch 10/20 step 150/219 mixed_loss=0.38333
2026-10-05 12:33:54,656 epoch 10/20 step 200/219 mixed_loss=0.39643
2026-10-05 12:34:11,327 EPOCH 10 accuracy=0.879574 F1=0.820358; best=10; hard cap20
2026-10-05 12:34:18,004 epoch 11/20 step 1/219 mixed_loss=0.42150
2026-10-05 12:34:26,699 epoch 11/20 step 50/219 mixed_loss=0.40267
2026-10-05 12:34:35,547 epoch 11/20 step 100/219 mixed_loss=0.40754
2026-10-05 12:34:44,407 epoch 11/20 step 150/219 mixed_loss=0.42480
2026-10-05 12:34:53,252 epoch 11/20 step 200/219 mixed_loss=0.39714
2026-10-05 12:35:09,485 EPOCH 11 accuracy=0.871590 F1=0.774596; best=10; hard cap20
2026-10-05 12:35:16,205 epoch 12/20 step 1/219 mixed_loss=0.94372
2026-10-05 12:35:24,088 epoch 12/20 step 50/219 mixed_loss=0.32469
2026-10-05 12:35:32,062 epoch 12/20 step 100/219 mixed_loss=0.33213
2026-10-05 12:35:39,948 epoch 12/20 step 150/219 mixed_loss=0.30894
2026-10-05 12:35:47,969 epoch 12/20 step 200/219 mixed_loss=0.32351
2026-10-05 12:36:01,181 EPOCH 12 accuracy=0.878244 F1=0.803521; best=10; hard cap20
2026-10-05 12:36:07,398 epoch 13/20 step 1/219 mixed_loss=1.16133
2026-10-05 12:36:15,213 epoch 13/20 step 50/219 mixed_loss=0.33221
2026-10-05 12:36:23,330 epoch 13/20 step 100/219 mixed_loss=0.35601
2026-10-05 12:36:31,318 epoch 13/20 step 150/219 mixed_loss=0.32845
2026-10-05 12:36:39,337 epoch 13/20 step 200/219 mixed_loss=0.34277
2026-10-05 12:36:56,124 EPOCH 13 accuracy=0.880240 F1=0.781826; best=13; hard cap20
2026-10-05 12:37:02,779 epoch 14/20 step 1/219 mixed_loss=0.01860
2026-10-05 12:37:11,491 epoch 14/20 step 50/219 mixed_loss=0.35386
2026-10-05 12:37:20,352 epoch 14/20 step 100/219 mixed_loss=0.37216
2026-10-05 12:37:29,326 epoch 14/20 step 150/219 mixed_loss=0.35598
2026-10-05 12:37:38,997 epoch 14/20 step 200/219 mixed_loss=0.33956
2026-10-05 12:37:55,442 EPOCH 14 accuracy=0.872921 F1=0.790726; best=13; hard cap20
2026-10-05 12:38:02,159 epoch 15/20 step 1/219 mixed_loss=0.70313
2026-10-05 12:38:10,708 epoch 15/20 step 50/219 mixed_loss=0.29686
2026-10-05 12:38:19,412 epoch 15/20 step 100/219 mixed_loss=0.32776
2026-10-05 12:38:28,428 epoch 15/20 step 150/219 mixed_loss=0.33671
2026-10-05 12:38:38,051 epoch 15/20 step 200/219 mixed_loss=0.35433
2026-10-05 12:38:55,818 EPOCH 15 accuracy=0.858949 F1=0.776117; best=13; hard cap20
2026-10-05 12:39:02,752 epoch 16/20 step 1/219 mixed_loss=0.04457
2026-10-05 12:39:11,562 epoch 16/20 step 50/219 mixed_loss=0.32178
2026-10-05 12:39:20,441 epoch 16/20 step 100/219 mixed_loss=0.37135
2026-10-05 12:39:29,339 epoch 16/20 step 150/219 mixed_loss=0.35415
2026-10-05 12:39:38,185 epoch 16/20 step 200/219 mixed_loss=0.35419
2026-10-05 12:39:54,841 EPOCH 16 accuracy=0.883566 F1=0.808647; best=16; hard cap20
2026-10-05 12:40:01,535 epoch 17/20 step 1/219 mixed_loss=0.20568
2026-10-05 12:40:10,225 epoch 17/20 step 50/219 mixed_loss=0.36562
2026-10-05 12:40:19,124 epoch 17/20 step 100/219 mixed_loss=0.31668
2026-10-05 12:40:28,002 epoch 17/20 step 150/219 mixed_loss=0.31085
2026-10-05 12:40:36,900 epoch 17/20 step 200/219 mixed_loss=0.30974
2026-10-05 12:40:53,460 EPOCH 17 accuracy=0.861610 F1=0.793102; best=16; hard cap20
2026-10-05 12:41:00,134 epoch 18/20 step 1/219 mixed_loss=0.05729
2026-10-05 12:41:08,837 epoch 18/20 step 50/219 mixed_loss=0.40595
2026-10-05 12:41:17,720 epoch 18/20 step 100/219 mixed_loss=0.34435
2026-10-05 12:41:26,654 epoch 18/20 step 150/219 mixed_loss=0.33288
2026-10-05 12:41:35,593 epoch 18/20 step 200/219 mixed_loss=0.34883
2026-10-05 12:41:52,264 EPOCH 18 accuracy=0.874917 F1=0.807203; best=16; hard cap20
2026-10-05 12:41:58,920 epoch 19/20 step 1/219 mixed_loss=0.00823
2026-10-05 12:42:07,647 epoch 19/20 step 50/219 mixed_loss=0.40261
2026-10-05 12:42:16,663 epoch 19/20 step 100/219 mixed_loss=0.37925
2026-10-05 12:42:25,468 epoch 19/20 step 150/219 mixed_loss=0.34262
2026-10-05 12:42:33,885 epoch 19/20 step 200/219 mixed_loss=0.34970
2026-10-05 12:42:47,515 EPOCH 19 accuracy=0.884232 F1=0.800289; best=19; hard cap20
2026-10-05 12:42:53,863 epoch 20/20 step 1/219 mixed_loss=0.01835
2026-10-05 12:43:01,760 epoch 20/20 step 50/219 mixed_loss=0.31659
2026-10-05 12:43:09,704 epoch 20/20 step 100/219 mixed_loss=0.35492
2026-10-05 12:43:17,764 epoch 20/20 step 150/219 mixed_loss=0.31790
2026-10-05 12:43:25,694 epoch 20/20 step 200/219 mixed_loss=0.33112
2026-10-05 12:43:39,137 EPOCH 20 accuracy=0.867598 F1=0.805698; best=19; hard cap20
2026-10-05 12:43:43,229 COMPLETE;20 epochs; material_gate=False; STOP
warning: in the working copy of 'results/short_screening/mixup_v1/s40_convnext_tiny_mixup_strict_dev_seed42/config.json', LF will be replaced by CRLF the next time Git touches it
warning: in the working copy of 'results/short_screening/mixup_v1/s40_convnext_tiny_mixup_strict_dev_seed42/ensemble_metrics.json', LF will be replaced by CRLF the next time Git touches it
warning: in the working copy of 'results/short_screening/mixup_v1/s40_convnext_tiny_mixup_strict_dev_seed42/progress.json', LF will be replaced by CRLF the next time Git touches it
warning: in the working copy of 'results/short_screening/mixup_v1/s40_convnext_tiny_mixup_strict_dev_seed42/record.json', LF will be replaced by CRLF the next time Git touches it
warning: in the working copy of 'results/short_screening/mixup_v1/s40_convnext_tiny_mixup_strict_dev_seed42/summary.json', LF will be replaced by CRLF the next time Git touches it
warning: in the working copy of 'results/short_screening/mixup_v1/s40_convnext_tiny_mixup_strict_dev_seed42/validation_metrics.json', LF will be replaced by CRLF the next time Git touches it
warning: in the working copy of 'results/short_screening/mixup_v1/s40_convnext_tiny_mixup_strict_dev_seed42/validation_metrics_latest.json', LF will be replaced by CRLF the next time Git touches it
warning: in the working copy of 'results/short_screening/mixup_v1/s40_convnext_tiny_mixup_strict_dev_seed42/validation_metrics_macro_f1.json', LF will be replaced by CRLF the next time Git touches it
warning: in the working copy of 'results/short_screening/mixup_v1/s40_convnext_tiny_mixup_strict_dev_seed42/verification.json', LF will be replaced by CRLF the next time Git touches it
To https://github.com/Aadyant-7/attention-based-skin-lesion-classification-xai.git
   5cd5a14..404eafb  structured-research -> structured-research
